Archive member included to satisfy reference by file (symbol)

C:/ST/STM32CubeIDE_1.14.1/STM32CubeIDE/plugins/com.st.stm32cube.ide.mcu.externaltools.gnu-tools-for-stm32.11.3.rel1.win32_1.1.100.202309141235/tools/bin/../lib/gcc/arm-none-eabi/11.3.1/../../../../arm-none-eabi/lib/thumb/v8-m.main+fp/hard\libc_nano.a(libc_a-exit.o)
                              C:/ST/STM32CubeIDE_1.14.1/STM32CubeIDE/plugins/com.st.stm32cube.ide.mcu.externaltools.gnu-tools-for-stm32.11.3.rel1.win32_1.1.100.202309141235/tools/bin/../lib/gcc/arm-none-eabi/11.3.1/../../../../arm-none-eabi/lib/thumb/v8-m.main+fp/hard/crt0.o (exit)
C:/ST/STM32CubeIDE_1.14.1/STM32CubeIDE/plugins/com.st.stm32cube.ide.mcu.externaltools.gnu-tools-for-stm32.11.3.rel1.win32_1.1.100.202309141235/tools/bin/../lib/gcc/arm-none-eabi/11.3.1/../../../../arm-none-eabi/lib/thumb/v8-m.main+fp/hard\libc_nano.a(libc_a-findfp.o)
                              C:/ST/STM32CubeIDE_1.14.1/STM32CubeIDE/plugins/com.st.stm32cube.ide.mcu.externaltools.gnu-tools-for-stm32.11.3.rel1.win32_1.1.100.202309141235/tools/bin/../lib/gcc/arm-none-eabi/11.3.1/../../../../arm-none-eabi/lib/thumb/v8-m.main+fp/hard\libc_nano.a(libc_a-exit.o) (__stdio_exit_handler)
C:/ST/STM32CubeIDE_1.14.1/STM32CubeIDE/plugins/com.st.stm32cube.ide.mcu.externaltools.gnu-tools-for-stm32.11.3.rel1.win32_1.1.100.202309141235/tools/bin/../lib/gcc/arm-none-eabi/11.3.1/../../../../arm-none-eabi/lib/thumb/v8-m.main+fp/hard\libc_nano.a(libc_a-fwalk.o)
                              C:/ST/STM32CubeIDE_1.14.1/STM32CubeIDE/plugins/com.st.stm32cube.ide.mcu.externaltools.gnu-tools-for-stm32.11.3.rel1.win32_1.1.100.202309141235/tools/bin/../lib/gcc/arm-none-eabi/11.3.1/../../../../arm-none-eabi/lib/thumb/v8-m.main+fp/hard\libc_nano.a(libc_a-findfp.o) (_fwalk_sglue)
C:/ST/STM32CubeIDE_1.14.1/STM32CubeIDE/plugins/com.st.stm32cube.ide.mcu.externaltools.gnu-tools-for-stm32.11.3.rel1.win32_1.1.100.202309141235/tools/bin/../lib/gcc/arm-none-eabi/11.3.1/../../../../arm-none-eabi/lib/thumb/v8-m.main+fp/hard\libc_nano.a(libc_a-puts.o)
                              ./Core/Src/main.o (puts)
C:/ST/STM32CubeIDE_1.14.1/STM32CubeIDE/plugins/com.st.stm32cube.ide.mcu.externaltools.gnu-tools-for-stm32.11.3.rel1.win32_1.1.100.202309141235/tools/bin/../lib/gcc/arm-none-eabi/11.3.1/../../../../arm-none-eabi/lib/thumb/v8-m.main+fp/hard\libc_nano.a(libc_a-stdio.o)
                              C:/ST/STM32CubeIDE_1.14.1/STM32CubeIDE/plugins/com.st.stm32cube.ide.mcu.externaltools.gnu-tools-for-stm32.11.3.rel1.win32_1.1.100.202309141235/tools/bin/../lib/gcc/arm-none-eabi/11.3.1/../../../../arm-none-eabi/lib/thumb/v8-m.main+fp/hard\libc_nano.a(libc_a-findfp.o) (__sread)
C:/ST/STM32CubeIDE_1.14.1/STM32CubeIDE/plugins/com.st.stm32cube.ide.mcu.externaltools.gnu-tools-for-stm32.11.3.rel1.win32_1.1.100.202309141235/tools/bin/../lib/gcc/arm-none-eabi/11.3.1/../../../../arm-none-eabi/lib/thumb/v8-m.main+fp/hard\libc_nano.a(libc_a-wbuf.o)
                              C:/ST/STM32CubeIDE_1.14.1/STM32CubeIDE/plugins/com.st.stm32cube.ide.mcu.externaltools.gnu-tools-for-stm32.11.3.rel1.win32_1.1.100.202309141235/tools/bin/../lib/gcc/arm-none-eabi/11.3.1/../../../../arm-none-eabi/lib/thumb/v8-m.main+fp/hard\libc_nano.a(libc_a-puts.o) (__swbuf_r)
C:/ST/STM32CubeIDE_1.14.1/STM32CubeIDE/plugins/com.st.stm32cube.ide.mcu.externaltools.gnu-tools-for-stm32.11.3.rel1.win32_1.1.100.202309141235/tools/bin/../lib/gcc/arm-none-eabi/11.3.1/../../../../arm-none-eabi/lib/thumb/v8-m.main+fp/hard\libc_nano.a(libc_a-wsetup.o)
                              C:/ST/STM32CubeIDE_1.14.1/STM32CubeIDE/plugins/com.st.stm32cube.ide.mcu.externaltools.gnu-tools-for-stm32.11.3.rel1.win32_1.1.100.202309141235/tools/bin/../lib/gcc/arm-none-eabi/11.3.1/../../../../arm-none-eabi/lib/thumb/v8-m.main+fp/hard\libc_nano.a(libc_a-puts.o) (__swsetup_r)
C:/ST/STM32CubeIDE_1.14.1/STM32CubeIDE/plugins/com.st.stm32cube.ide.mcu.externaltools.gnu-tools-for-stm32.11.3.rel1.win32_1.1.100.202309141235/tools/bin/../lib/gcc/arm-none-eabi/11.3.1/../../../../arm-none-eabi/lib/thumb/v8-m.main+fp/hard\libc_nano.a(libc_a-memset.o)
                              C:/ST/STM32CubeIDE_1.14.1/STM32CubeIDE/plugins/com.st.stm32cube.ide.mcu.externaltools.gnu-tools-for-stm32.11.3.rel1.win32_1.1.100.202309141235/tools/bin/../lib/gcc/arm-none-eabi/11.3.1/../../../../arm-none-eabi/lib/thumb/v8-m.main+fp/hard/crt0.o (memset)
C:/ST/STM32CubeIDE_1.14.1/STM32CubeIDE/plugins/com.st.stm32cube.ide.mcu.externaltools.gnu-tools-for-stm32.11.3.rel1.win32_1.1.100.202309141235/tools/bin/../lib/gcc/arm-none-eabi/11.3.1/../../../../arm-none-eabi/lib/thumb/v8-m.main+fp/hard\libc_nano.a(libc_a-closer.o)
                              C:/ST/STM32CubeIDE_1.14.1/STM32CubeIDE/plugins/com.st.stm32cube.ide.mcu.externaltools.gnu-tools-for-stm32.11.3.rel1.win32_1.1.100.202309141235/tools/bin/../lib/gcc/arm-none-eabi/11.3.1/../../../../arm-none-eabi/lib/thumb/v8-m.main+fp/hard\libc_nano.a(libc_a-stdio.o) (_close_r)
[...]
Memory Configuration

Name             Origin             Length             Attributes
RAM              0x0000000020000000 0x0000000000030000 xrw
RAM2             0x0000000020030000 0x0000000000010000 xrw
FLASH            0x0000000008000000 0x0000000000080000 xr
*default*        0x0000000000000000 0xffffffffffffffff

Linker script and memory map

LOAD C:/ST/STM32CubeIDE_1.14.1/STM32CubeIDE/plugins/com.st.stm32cube.ide.mcu.externaltools.gnu-tools-for-stm32.11.3.rel1.win32_1.1.100.202309141235/tools/bin/../lib/gcc/arm-none-eabi/11.3.1/thumb/v8-m.main+fp/hard/crti.o
LOAD C:/ST/STM32CubeIDE_1.14.1/STM32CubeIDE/plugins/com.st.stm32cube.ide.mcu.externaltools.gnu-tools-for-stm32.11.3.rel1.win32_1.1.100.202309141235/tools/bin/../lib/gcc/arm-none-eabi/11.3.1/thumb/v8-m.main+fp/hard/crtbegin.o
LOAD C:/ST/STM32CubeIDE_1.14.1/STM32CubeIDE/plugins/com.st.stm32cube.ide.mcu.externaltools.gnu-tools-for-stm32.11.3.rel1.win32_1.1.100.202309141235/tools/bin/../lib/gcc/arm-none-eabi/11.3.1/../../../../arm-none-eabi/lib/thumb/v8-m.main+fp/hard/crt0.o
LOAD ./Core/Src/main.o
LOAD ./Core/Src/stm32l5xx_hal_msp.o
LOAD ./Core/Src/stm32l5xx_it.o
LOAD ./Core/Src/syscalls.o
LOAD ./Core/Src/sysmem.o
LOAD ./Core/Src/system_stm32l5xx.o
LOAD ./Core/Startup/startup_stm32l552zetxq.o
LOAD ./Drivers/STM32L5xx_HAL_Driver/Src/stm32l5xx_hal.o
LOAD ./Drivers/STM32L5xx_HAL_Driver/Src/stm32l5xx_hal_adc.o
LOAD ./Drivers/STM32L5xx_HAL_Driver/Src/stm32l5xx_hal_adc_ex.o
LOAD ./Drivers/STM32L5xx_HAL_Driver/Src/stm32l5xx_hal_cortex.o
LOAD ./Drivers/STM32L5xx_HAL_Driver/Src/stm32l5xx_hal_dma.o
LOAD ./Drivers/STM32L5xx_HAL_Driver/Src/stm32l5xx_hal_dma_ex.o
LOAD ./Drivers/STM32L5xx_HAL_Driver/Src/stm32l5xx_hal_exti.o
LOAD ./Drivers/STM32L5xx_HAL_Driver/Src/stm32l5xx_hal_flash.o
LOAD ./Drivers/STM32L5xx_HAL_Driver/Src/stm32l5xx_hal_flash_ex.o
LOAD ./Drivers/STM32L5xx_HAL_Driver/Src/stm32l5xx_hal_flash_ramfunc.o
LOAD ./Drivers/STM32L5xx_HAL_Driver/Src/stm32l5xx_hal_gpio.o
LOAD ./Drivers/STM32L5xx_HAL_Driver/Src/stm32l5xx_hal_i2c.o
LOAD ./Drivers/STM32L5xx_HAL_Driver/Src/stm32l5xx_hal_i2c_ex.o
LOAD ./Drivers/STM32L5xx_HAL_Driver/Src/stm32l5xx_hal_icache.o
LOAD ./Drivers/STM32L5xx_HAL_Driver/Src/stm32l5xx_hal_pcd.o
LOAD ./Drivers/STM32L5xx_HAL_Driver/Src/stm32l5xx_hal_pcd_ex.o
LOAD ./Drivers/STM32L5xx_HAL_Driver/Src/stm32l5xx_hal_pwr.o
LOAD ./Drivers/STM32L5xx_HAL_Driver/Src/stm32l5xx_hal_pwr_ex.o
LOAD ./Drivers/STM32L5xx_HAL_Driver/Src/stm32l5xx_hal_rcc.o
LOAD ./Drivers/STM32L5xx_HAL_Driver/Src/stm32l5xx_hal_rcc_ex.o
LOAD ./Drivers/STM32L5xx_HAL_Driver/Src/stm32l5xx_hal_rtc.o
LOAD ./Drivers/STM32L5xx_HAL_Driver/Src/stm32l5xx_hal_rtc_ex.o
LOAD ./Drivers/STM32L5xx_HAL_Driver/Src/stm32l5xx_hal_tim.o
LOAD ./Drivers/STM32L5xx_HAL_Driver/Src/stm32l5xx_hal_tim_ex.o
LOAD ./Drivers/STM32L5xx_HAL_Driver/Src/stm32l5xx_hal_uart.o
LOAD ./Drivers/STM32L5xx_HAL_Driver/Src/stm32l5xx_hal_uart_ex.o
LOAD ./Drivers/STM32L5xx_HAL_Driver/Src/stm32l5xx_ll_dma.o
LOAD ./Drivers/STM32L5xx_HAL_Driver/Src/stm32l5xx_ll_exti.o
LOAD ./Drivers/STM32L5xx_HAL_Driver/Src/stm32l5xx_ll_gpio.o
LOAD ./Drivers/STM32L5xx_HAL_Driver/Src/stm32l5xx_ll_ucpd.o
LOAD ./Drivers/STM32L5xx_HAL_Driver/Src/stm32l5xx_ll_usb.o
LOAD ./Drivers/STM32L5xx_HAL_Driver/Src/stm32l5xx_ll_utils.o
START GROUP
LOAD C:/ST/STM32CubeIDE_1.14.1/STM32CubeIDE/plugins/com.st.stm32cube.ide.mcu.externaltools.gnu-tools-for-stm32.11.3.rel1.win32_1.1.100.202309141235/tools/bin/../lib/gcc/arm-none-eabi/11.3.1/../../../../arm-none-eabi/lib/thumb/v8-m.main+fp/hard\libc_nano.a
LOAD C:/ST/STM32CubeIDE_1.14.1/STM32CubeIDE/plugins/com.st.stm32cube.ide.mcu.externaltools.gnu-tools-for-stm32.11.3.rel1.win32_1.1.100.202309141235/tools/bin/../lib/gcc/arm-none-eabi/11.3.1/../../../../arm-none-eabi/lib/thumb/v8-m.main+fp/hard\libm.a
END GROUP
START GROUP
LOAD C:/ST/STM32CubeIDE_1.14.1/STM32CubeIDE/plugins/com.st.stm32cube.ide.mcu.externaltools.gnu-tools-for-stm32.11.3.rel1.win32_1.1.100.202309141235/tools/bin/../lib/gcc/arm-none-eabi/11.3.1/thumb/v8-m.main+fp/hard\libgcc.a
LOAD C:/ST/STM32CubeIDE_1.14.1/STM32CubeIDE/plugins/com.st.stm32cube.ide.mcu.externaltools.gnu-tools-for-stm32.11.3.rel1.win32_1.1.100.202309141235/tools/bin/../lib/gcc/arm-none-eabi/11.3.1/../../../../arm-none-eabi/lib/thumb/v8-m.main+fp/hard\libc_nano.a
END GROUP
START GROUP
LOAD C:/ST/STM32CubeIDE_1.14.1/STM32CubeIDE/plugins/com.st.stm32cube.ide.mcu.externaltools.gnu-tools-for-stm32.11.3.rel1.win32_1.1.100.202309141235/tools/bin/../lib/gcc/arm-none-eabi/11.3.1/thumb/v8-m.main+fp/hard\libgcc.a
LOAD C:/ST/STM32CubeIDE_1.14.1/STM32CubeIDE/plugins/com.st.stm32cube.ide.mcu.externaltools.gnu-tools-for-stm32.11.3.rel1.win32_1.1.100.202309141235/tools/bin/../lib/gcc/arm-none-eabi/11.3.1/../../../../arm-none-eabi/lib/thumb/v8-m.main+fp/hard\libc_nano.a
LOAD C:/ST/STM32CubeIDE_1.14.1/STM32CubeIDE/plugins/com.st.stm32cube.ide.mcu.externaltools.gnu-tools-for-stm32.11.3.rel1.win32_1.1.100.202309141235/tools/bin/../lib/gcc/arm-none-eabi/11.3.1/../../../../arm-none-eabi/lib/thumb/v8-m.main+fp/hard\libnosys.a
END GROUP
START GROUP
LOAD C:/ST/STM32CubeIDE_1.14.1/STM32CubeIDE/plugins/com.st.stm32cube.ide.mcu.externaltools.gnu-tools-for-stm32.11.3.rel1.win32_1.1.100.202309141235/tools/bin/../lib/gcc/arm-none-eabi/11.3.1/thumb/v8-m.main+fp/hard\libgcc.a
LOAD C:/ST/STM32CubeIDE_1.14.1/STM32CubeIDE/plugins/com.st.stm32cube.ide.mcu.externaltools.gnu-tools-for-stm32.11.3.rel1.win32_1.1.100.202309141235/tools/bin/../lib/gcc/arm-none-eabi/11.3.1/../../../../arm-none-eabi/lib/thumb/v8-m.main+fp/hard\libc_nano.a
LOAD C:/ST/STM32CubeIDE_1.14.1/STM32CubeIDE/plugins/com.st.stm32cube.ide.mcu.externaltools.gnu-tools-for-stm32.11.3.rel1.win32_1.1.100.202309141235/tools/bin/../lib/gcc/arm-none-eabi/11.3.1/../../../../arm-none-eabi/lib/thumb/v8-m.main+fp/hard\libnosys.a
END GROUP
LOAD C:/ST/STM32CubeIDE_1.14.1/STM32CubeIDE/plugins/com.st.stm32cube.ide.mcu.externaltools.gnu-tools-for-stm32.11.3.rel1.win32_1.1.100.202309141235/tools/bin/../lib/gcc/arm-none-eabi/11.3.1/thumb/v8-m.main+fp/hard/crtend.o
LOAD C:/ST/STM32CubeIDE_1.14.1/STM32CubeIDE/plugins/com.st.stm32cube.ide.mcu.externaltools.gnu-tools-for-stm32.11.3.rel1.win32_1.1.100.202309141235/tools/bin/../lib/gcc/arm-none-eabi/11.3.1/thumb/v8-m.main+fp/hard/crtn.o
                0x0000000020030000                _estack = (ORIGIN (RAM) + LENGTH (RAM))
                0x0000000000000200                _Min_Heap_Size = 0x200
                0x0000000000000400                _Min_Stack_Size = 0x400

.isr_vector     0x0000000008000000      0x1f4
                0x0000000008000000                . = ALIGN (0x4)
 *(.isr_vector)
 .isr_vector    0x0000000008000000      0x1f4 ./Core/Startup/startup_stm32l552zetxq.o
                0x0000000008000000                g_pfnVectors
                0x00000000080001f4                . = ALIGN (0x4)

.text           0x00000000080001f4     0x6154
                0x00000000080001f4                . = ALIGN (0x4)
 *(.text)
 .text          0x00000000080001f4       0x40 C:/ST/STM32CubeIDE_1.14.1/STM32CubeIDE/plugins/com.st.stm32cube.ide.mcu.externaltools.gnu-tools-for-stm32.11.3.rel1.win32_1.1.100.202309141235/tools/bin/../lib/gcc/arm-none-eabi/11.3.1/thumb/v8-m.main+fp/hard/crtbegin.o
 .text          0x0000000008000234       0x30 C:/ST/STM32CubeIDE_1.14.1/STM32CubeIDE/plugins/com.st.stm32cube.ide.mcu.externaltools.gnu-tools-for-stm32.11.3.rel1.win32_1.1.100.202309141235/tools/bin/../lib/gcc/arm-none-eabi/11.3.1/thumb/v8-m.main+fp/hard\libgcc.a(_aeabi_uldivmod.o)
                0x0000000008000234                __aeabi_uldivmod
 .text          0x0000000008000264      0x2ec C:/ST/STM32CubeIDE_1.14.1/STM32CubeIDE/plugins/com.st.stm32cube.ide.mcu.externaltools.gnu-tools-for-stm32.11.3.rel1.win32_1.1.100.202309141235/tools/bin/../lib/gcc/arm-none-eabi/11.3.1/thumb/v8-m.main+fp/hard\libgcc.a(_udivmoddi4.o)
                0x0000000008000264                __udivmoddi4
 .text          0x0000000008000550        0x4 C:/ST/STM32CubeIDE_1.14.1/STM32CubeIDE/plugins/com.st.stm32cube.ide.mcu.externaltools.gnu-tools-for-stm32.11.3.rel1.win32_1.1.100.202309141235/tools/bin/../lib/gcc/arm-none-eabi/11.3.1/thumb/v8-m.main+fp/hard\libgcc.a(_dvmd_tls.o)
                0x0000000008000550                __aeabi_idiv0
                0x0000000008000550                __aeabi_ldiv0
 *(.text*)
 .text.ITM_SendChar
                0x0000000008000554       0x4e ./Core/Src/main.o
 *fill*         0x00000000080005a2        0x2 
 .text.LL_AHB2_GRP1_EnableClock
                0x00000000080005a4       0x30 ./Core/Src/main.o
 .text.LL_APB1_GRP2_EnableClock
                0x00000000080005d4       0x30 ./Core/Src/main.o
 .text.main     0x0000000008000604       0x2a ./Core/Src/main.o
                0x0000000008000604                main
 *fill*         0x000000000800062e        0x2 
 .text.SystemClock_Config
                0x0000000008000630       0xcc ./Core/Src/main.o
                0x0000000008000630                SystemClock_Config
 .text.MX_ADC1_Init
                0x00000000080006fc       0xec ./Core/Src/main.o
 .text.MX_ICACHE_Init
                0x00000000080007e8       0x26 ./Core/Src/main.o
 *fill*         0x000000000800080e        0x2 
 .text.MX_LPUART1_UART_Init
                0x0000000008000810       0x9c ./Core/Src/main.o
 .text.MX_RTC_Init
                0x00000000080008ac       0x94 ./Core/Src/main.o
 .text.MX_UCPD1_Init
                0x0000000008000940       0x6c ./Core/Src/main.o
 .text.MX_USB_PCD_Init
                0x00000000080009ac       0x50 ./Core/Src/main.o
 .text.MX_GPIO_Init
                0x00000000080009fc      0x160 ./Core/Src/main.o
 .text.HAL_GPIO_EXTI_Rising_Callback
                0x0000000008000b5c      0x174 ./Core/Src/main.o
                0x0000000008000b5c                HAL_GPIO_EXTI_Rising_Callback
 .text._write   0x0000000008000cd0       0x38 ./Core/Src/main.o
                0x0000000008000cd0                _write
 .text.Error_Handler
                0x0000000008000d08        0xa ./Core/Src/main.o
                0x0000000008000d08                Error_Handler
 *fill*         0x0000000008000d12        0x2 
 .text.HAL_MspInit
                0x0000000008000d14       0x48 ./Core/Src/stm32l5xx_hal_msp.o
                0x0000000008000d14                HAL_MspInit
 .text.HAL_ADC_MspInit
                0x0000000008000d5c       0xb4 ./Core/Src/stm32l5xx_hal_msp.o
                0x0000000008000d5c                HAL_ADC_MspInit
 .text.HAL_UART_MspInit
                0x0000000008000e10       0xc0 ./Core/Src/stm32l5xx_hal_msp.o
                0x0000000008000e10                HAL_UART_MspInit
 .text.HAL_RTC_MspInit
                0x0000000008000ed0       0x7c ./Core/Src/stm32l5xx_hal_msp.o
                0x0000000008000ed0                HAL_RTC_MspInit
 .text.HAL_PCD_MspInit
                0x0000000008000f4c       0xc0 ./Core/Src/stm32l5xx_hal_msp.o
                0x0000000008000f4c                HAL_PCD_MspInit
 .text.NMI_Handler
                0x000000000800100c        0x6 ./Core/Src/stm32l5xx_it.o
                0x000000000800100c                NMI_Handler
 .text.HardFault_Handler
                0x0000000008001012        0x6 ./Core/Src/stm32l5xx_it.o
                0x0000000008001012                HardFault_Handler
 .text.MemManage_Handler
                0x0000000008001018        0x6 ./Core/Src/stm32l5xx_it.o
                0x0000000008001018                MemManage_Handler
 .text.BusFault_Handler
                0x000000000800101e        0x6 ./Core/Src/stm32l5xx_it.o
                0x000000000800101e                BusFault_Handler
 .text.UsageFault_Handler
                0x0000000008001024        0x6 ./Core/Src/stm32l5xx_it.o
                0x0000000008001024                UsageFault_Handler
 .text.SVC_Handler
                0x000000000800102a        0xe ./Core/Src/stm32l5xx_it.o
                0x000000000800102a                SVC_Handler
 .text.DebugMon_Handler
                0x0000000008001038        0xe ./Core/Src/stm32l5xx_it.o
                0x0000000008001038                DebugMon_Handler
 .text.PendSV_Handler
                0x0000000008001046        0xe ./Core/Src/stm32l5xx_it.o
                0x0000000008001046                PendSV_Handler
 .text.SysTick_Handler
                0x0000000008001054        0xc ./Core/Src/stm32l5xx_it.o
                0x0000000008001054                SysTick_Handler
 .text.EXTI8_IRQHandler
                0x0000000008001060       0x10 ./Core/Src/stm32l5xx_it.o
                0x0000000008001060                EXTI8_IRQHandler
 .text.EXTI13_IRQHandler
                0x0000000008001070       0x10 ./Core/Src/stm32l5xx_it.o
                0x0000000008001070                EXTI13_IRQHandler
 .text._read    0x0000000008001080       0x3a ./Core/Src/syscalls.o
                0x0000000008001080                _read
 .text._close   0x00000000080010ba       0x18 ./Core/Src/syscalls.o
                0x00000000080010ba                _close
 .text._fstat   0x00000000080010d2       0x20 ./Core/Src/syscalls.o
                0x00000000080010d2                _fstat
 .text._isatty  0x00000000080010f2       0x16 ./Core/Src/syscalls.o
                0x00000000080010f2                _isatty
 .text._lseek   0x0000000008001108       0x1a ./Core/Src/syscalls.o
                0x0000000008001108                _lseek
 *fill*         0x0000000008001122        0x2 
 .text._sbrk    0x0000000008001124       0x6c ./Core/Src/sysmem.o
                0x0000000008001124                _sbrk
 .text.SystemInit
                0x0000000008001190       0x24 ./Core/Src/system_stm32l5xx.o
                0x0000000008001190                SystemInit
 .text.SystemCoreClockUpdate
                0x00000000080011b4      0x15c ./Core/Src/system_stm32l5xx.o
                0x00000000080011b4                SystemCoreClockUpdate
 .text.Reset_Handler
                0x0000000008001310       0x50 ./Core/Startup/startup_stm32l552zetxq.o
                0x0000000008001310                Reset_Handler
 .text.Default_Handler
                0x0000000008001360        0x2 ./Core/Startup/startup_stm32l552zetxq.o
                0x0000000008001360                EXTI2_IRQHandler
                0x0000000008001360                TIM8_TRG_COM_IRQHandler
                0x0000000008001360                TIM8_CC_IRQHandler
                0x0000000008001360                EXTI5_IRQHandler
                0x0000000008001360                FLASH_S_IRQHandler
                0x0000000008001360                TIM1_CC_IRQHandler
                0x0000000008001360                TSC_IRQHandler
                0x0000000008001360                TAMP_IRQHandler
                0x0000000008001360                TIM6_IRQHandler
                0x0000000008001360                EXTI12_IRQHandler
                0x0000000008001360                DMA2_Channel8_IRQHandler
                0x0000000008001360                EXTI3_IRQHandler
                0x0000000008001360                LPTIM2_IRQHandler
                0x0000000008001360                DFSDM1_FLT1_IRQHandler
                0x0000000008001360                USB_FS_IRQHandler
                0x0000000008001360                I2C3_ER_IRQHandler
                0x0000000008001360                DFSDM1_FLT2_IRQHandler
                0x0000000008001360                DMAMUX1_IRQHandler
                0x0000000008001360                LPTIM3_IRQHandler
                0x0000000008001360                EXTI0_IRQHandler
                0x0000000008001360                I2C2_EV_IRQHandler
                0x0000000008001360                FPU_IRQHandler
                0x0000000008001360                FDCAN1_IT1_IRQHandler
                0x0000000008001360                ADC1_2_IRQHandler
                0x0000000008001360                SPI1_IRQHandler
                0x0000000008001360                OCTOSPI1_IRQHandler
                0x0000000008001360                TIM8_UP_IRQHandler
                0x0000000008001360                RCC_S_IRQHandler
                0x0000000008001360                DMA2_Channel2_IRQHandler
                0x0000000008001360                DMA1_Channel4_IRQHandler
                0x0000000008001360                SAI2_IRQHandler
                0x0000000008001360                DFSDM1_FLT3_IRQHandler
                0x0000000008001360                EXTI15_IRQHandler
                0x0000000008001360                TIM17_IRQHandler
                0x0000000008001360                USART3_IRQHandler
                0x0000000008001360                RTC_IRQHandler
                0x0000000008001360                EXTI9_IRQHandler
                0x0000000008001360                DMA1_Channel7_IRQHandler
                0x0000000008001360                UART5_IRQHandler
                0x0000000008001360                TIM4_IRQHandler
                0x0000000008001360                DMA2_Channel1_IRQHandler
                0x0000000008001360                I2C1_EV_IRQHandler
                0x0000000008001360                DMA1_Channel6_IRQHandler
                0x0000000008001360                TIM16_IRQHandler
                0x0000000008001360                UART4_IRQHandler
                0x0000000008001360                DMA2_Channel4_IRQHandler
                0x0000000008001360                SecureFault_Handler
                0x0000000008001360                TIM3_IRQHandler
                0x0000000008001360                RCC_IRQHandler
                0x0000000008001360                TIM1_TRG_COM_IRQHandler
                0x0000000008001360                DMA1_Channel1_IRQHandler
                0x0000000008001360                Default_Handler
                0x0000000008001360                DMA2_Channel7_IRQHandler
                0x0000000008001360                DMA1_Channel8_IRQHandler
                0x0000000008001360                TIM7_IRQHandler
                0x0000000008001360                SDMMC1_IRQHandler
                0x0000000008001360                TIM5_IRQHandler
                0x0000000008001360                UCPD1_IRQHandler
                0x0000000008001360                TIM15_IRQHandler
                0x0000000008001360                I2C3_EV_IRQHandler
                0x0000000008001360                PVD_PVM_IRQHandler
                0x0000000008001360                SPI2_IRQHandler
                0x0000000008001360                EXTI14_IRQHandler
                0x0000000008001360                EXTI11_IRQHandler
                0x0000000008001360                DMA2_Channel5_IRQHandler
                0x0000000008001360                CRS_IRQHandler
                0x0000000008001360                DMA1_Channel5_IRQHandler
                0x0000000008001360                EXTI4_IRQHandler
                0x0000000008001360                RTC_S_IRQHandler
                0x0000000008001360                RNG_IRQHandler
                0x0000000008001360                DMAMUX1_S_IRQHandler
                0x0000000008001360                DMA1_Channel3_IRQHandler
                0x0000000008001360                COMP_IRQHandler
                0x0000000008001360                TIM1_UP_IRQHandler
                0x0000000008001360                WWDG_IRQHandler
                0x0000000008001360                I2C4_EV_IRQHandler
                0x0000000008001360                LPUART1_IRQHandler
                0x0000000008001360                DMA2_Channel6_IRQHandler
                0x0000000008001360                FDCAN1_IT0_IRQHandler
                0x0000000008001360                TIM2_IRQHandler
                0x0000000008001360                TAMP_S_IRQHandler
                0x0000000008001360                EXTI7_IRQHandler
                0x0000000008001360                TIM1_BRK_IRQHandler
                0x0000000008001360                DAC_IRQHandler
                0x0000000008001360                EXTI1_IRQHandler
                0x0000000008001360                GTZC_IRQHandler
                0x0000000008001360                USART2_IRQHandler
                0x0000000008001360                DFSDM1_FLT0_IRQHandler
                0x0000000008001360                I2C2_ER_IRQHandler
                0x0000000008001360                DMA1_Channel2_IRQHandler
                0x0000000008001360                TIM8_BRK_IRQHandler
                0x0000000008001360                FLASH_IRQHandler
                0x0000000008001360                USART1_IRQHandler
                0x0000000008001360                EXTI10_IRQHandler
                0x0000000008001360                SPI3_IRQHandler
                0x0000000008001360                I2C1_ER_IRQHandler
                0x0000000008001360                FMC_IRQHandler
                0x0000000008001360                EXTI6_IRQHandler
                0x0000000008001360                LPTIM1_IRQHandler
                0x0000000008001360                I2C4_ER_IRQHandler
                0x0000000008001360                ICACHE_IRQHandler
                0x0000000008001360                SAI1_IRQHandler
                0x0000000008001360                HASH_IRQHandler
                0x0000000008001360                DMA2_Channel3_IRQHandler
 .text.HAL_Init
                0x0000000008001362       0x34 ./Drivers/STM32L5xx_HAL_Driver/Src/stm32l5xx_hal.o
                0x0000000008001362                HAL_Init
 *fill*         0x0000000008001396        0x2 
 .text.HAL_InitTick
                0x0000000008001398       0x78 ./Drivers/STM32L5xx_HAL_Driver/Src/stm32l5xx_hal.o
                0x0000000008001398                HAL_InitTick
 .text.HAL_IncTick
                0x0000000008001410       0x28 ./Drivers/STM32L5xx_HAL_Driver/Src/stm32l5xx_hal.o
                0x0000000008001410                HAL_IncTick
 .text.HAL_GetTick
                0x0000000008001438       0x18 ./Drivers/STM32L5xx_HAL_Driver/Src/stm32l5xx_hal.o
                0x0000000008001438                HAL_GetTick
 .text.LL_ADC_SetCommonClock
                0x0000000008001450       0x26 ./Drivers/STM32L5xx_HAL_Driver/Src/stm32l5xx_hal_adc.o
 .text.LL_ADC_SetCommonPathInternalCh
                0x0000000008001476       0x26 ./Drivers/STM32L5xx_HAL_Driver/Src/stm32l5xx_hal_adc.o
 .text.LL_ADC_GetCommonPathInternalCh
                0x000000000800149c       0x1c ./Drivers/STM32L5xx_HAL_Driver/Src/stm32l5xx_hal_adc.o
 .text.LL_ADC_SetOffset
                0x00000000080014b8       0x48 ./Drivers/STM32L5xx_HAL_Driver/Src/stm32l5xx_hal_adc.o
 .text.LL_ADC_GetOffsetChannel
                0x0000000008001500       0x2c ./Drivers/STM32L5xx_HAL_Driver/Src/stm32l5xx_hal_adc.o
 .text.LL_ADC_SetOffsetState
                0x000000000800152c       0x36 ./Drivers/STM32L5xx_HAL_Driver/Src/stm32l5xx_hal_adc.o
 .text.LL_ADC_SetSamplingTimeCommonConfig
                0x0000000008001562       0x26 ./Drivers/STM32L5xx_HAL_Driver/Src/stm32l5xx_hal_adc.o
 .text.LL_ADC_REG_SetSequencerRanks
                0x0000000008001588       0x58 ./Drivers/STM32L5xx_HAL_Driver/Src/stm32l5xx_hal_adc.o
 .text.LL_ADC_SetChannelSamplingTime
                0x00000000080015e0       0x56 ./Drivers/STM32L5xx_HAL_Driver/Src/stm32l5xx_hal_adc.o
 *fill*         0x0000000008001636        0x2 
 .text.LL_ADC_SetChannelSingleDiff
                0x0000000008001638       0x48 ./Drivers/STM32L5xx_HAL_Driver/Src/stm32l5xx_hal_adc.o
 .text.LL_ADC_DisableDeepPowerDown
                0x0000000008001680       0x24 ./Drivers/STM32L5xx_HAL_Driver/Src/stm32l5xx_hal_adc.o
 .text.LL_ADC_IsDeepPowerDownEnabled
                0x00000000080016a4       0x28 ./Drivers/STM32L5xx_HAL_Driver/Src/stm32l5xx_hal_adc.o
 .text.LL_ADC_EnableInternalRegulator
                0x00000000080016cc       0x28 ./Drivers/STM32L5xx_HAL_Driver/Src/stm32l5xx_hal_adc.o
 .text.LL_ADC_IsInternalRegulatorEnabled
                0x00000000080016f4       0x28 ./Drivers/STM32L5xx_HAL_Driver/Src/stm32l5xx_hal_adc.o
 .text.LL_ADC_IsEnabled
                0x000000000800171c       0x26 ./Drivers/STM32L5xx_HAL_Driver/Src/stm32l5xx_hal_adc.o
 .text.LL_ADC_REG_IsConversionOngoing
                0x0000000008001742       0x26 ./Drivers/STM32L5xx_HAL_Driver/Src/stm32l5xx_hal_adc.o
 .text.LL_ADC_INJ_IsConversionOngoing
                0x0000000008001768       0x26 ./Drivers/STM32L5xx_HAL_Driver/Src/stm32l5xx_hal_adc.o
 *fill*         0x000000000800178e        0x2 
 .text.HAL_ADC_Init
                0x0000000008001790      0x298 ./Drivers/STM32L5xx_HAL_Driver/Src/stm32l5xx_hal_adc.o
                0x0000000008001790                HAL_ADC_Init
 .text.HAL_ADC_ConfigChannel
                0x0000000008001a28      0x7d4 ./Drivers/STM32L5xx_HAL_Driver/Src/stm32l5xx_hal_adc.o
                0x0000000008001a28                HAL_ADC_ConfigChannel
 .text.LL_ADC_IsEnabled
                0x00000000080021fc       0x26 ./Drivers/STM32L5xx_HAL_Driver/Src/stm32l5xx_hal_adc_ex.o
 .text.LL_ADC_REG_IsConversionOngoing
                0x0000000008002222       0x26 ./Drivers/STM32L5xx_HAL_Driver/Src/stm32l5xx_hal_adc_ex.o
 .text.HAL_ADCEx_MultiModeConfigChannel
                0x0000000008002248      0x148 ./Drivers/STM32L5xx_HAL_Driver/Src/stm32l5xx_hal_adc_ex.o
                0x0000000008002248                HAL_ADCEx_MultiModeConfigChannel
 .text.__NVIC_SetPriorityGrouping
                0x0000000008002390       0x48 ./Drivers/STM32L5xx_HAL_Driver/Src/stm32l5xx_hal_cortex.o
 .text.__NVIC_GetPriorityGrouping
                0x00000000080023d8       0x1c ./Drivers/STM32L5xx_HAL_Driver/Src/stm32l5xx_hal_cortex.o
 .text.__NVIC_EnableIRQ
                0x00000000080023f4       0x3c ./Drivers/STM32L5xx_HAL_Driver/Src/stm32l5xx_hal_cortex.o
 .text.__NVIC_SetPriority
                0x0000000008002430       0x54 ./Drivers/STM32L5xx_HAL_Driver/Src/stm32l5xx_hal_cortex.o
 .text.NVIC_EncodePriority
                0x0000000008002484       0x66 ./Drivers/STM32L5xx_HAL_Driver/Src/stm32l5xx_hal_cortex.o
 *fill*         0x00000000080024ea        0x2 
 .text.SysTick_Config
                0x00000000080024ec       0x44 ./Drivers/STM32L5xx_HAL_Driver/Src/stm32l5xx_hal_cortex.o
 .text.HAL_NVIC_SetPriorityGrouping
                0x0000000008002530       0x16 ./Drivers/STM32L5xx_HAL_Driver/Src/stm32l5xx_hal_cortex.o
                0x0000000008002530                HAL_NVIC_SetPriorityGrouping
 .text.HAL_NVIC_SetPriority
                0x0000000008002546       0x34 ./Drivers/STM32L5xx_HAL_Driver/Src/stm32l5xx_hal_cortex.o
                0x0000000008002546                HAL_NVIC_SetPriority
 .text.HAL_NVIC_EnableIRQ
                0x000000000800257a       0x1c ./Drivers/STM32L5xx_HAL_Driver/Src/stm32l5xx_hal_cortex.o
                0x000000000800257a                HAL_NVIC_EnableIRQ
 .text.HAL_SYSTICK_Config
                0x0000000008002596       0x18 ./Drivers/STM32L5xx_HAL_Driver/Src/stm32l5xx_hal_cortex.o
                0x0000000008002596                HAL_SYSTICK_Config
 *fill*         0x00000000080025ae        0x2 
 .text.HAL_GPIO_Init
                0x00000000080025b0      0x300 ./Drivers/STM32L5xx_HAL_Driver/Src/stm32l5xx_hal_gpio.o
                0x00000000080025b0                HAL_GPIO_Init
 .text.HAL_GPIO_WritePin
                0x00000000080028b0       0x30 ./Drivers/STM32L5xx_HAL_Driver/Src/stm32l5xx_hal_gpio.o
                0x00000000080028b0                HAL_GPIO_WritePin
 .text.HAL_GPIO_EXTI_IRQHandler
                0x00000000080028e0       0x4c ./Drivers/STM32L5xx_HAL_Driver/Src/stm32l5xx_hal_gpio.o
                0x00000000080028e0                HAL_GPIO_EXTI_IRQHandler
 .text.HAL_GPIO_EXTI_Falling_Callback
                0x000000000800292c       0x16 ./Drivers/STM32L5xx_HAL_Driver/Src/stm32l5xx_hal_gpio.o
                0x000000000800292c                HAL_GPIO_EXTI_Falling_Callback
 *fill*         0x0000000008002942        0x2 
 .text.HAL_ICACHE_ConfigAssociativityMode
                0x0000000008002944       0x40 ./Drivers/STM32L5xx_HAL_Driver/Src/stm32l5xx_hal_icache.o
                0x0000000008002944                HAL_ICACHE_ConfigAssociativityMode
 .text.HAL_ICACHE_Enable
                0x0000000008002984       0x20 ./Drivers/STM32L5xx_HAL_Driver/Src/stm32l5xx_hal_icache.o
                0x0000000008002984                HAL_ICACHE_Enable
 .text.HAL_PCD_Init
                0x00000000080029a4      0x1b2 ./Drivers/STM32L5xx_HAL_Driver/Src/stm32l5xx_hal_pcd.o
                0x00000000080029a4                HAL_PCD_Init
 .text.HAL_PCDEx_ActivateLPM
                0x0000000008002b56       0x54 ./Drivers/STM32L5xx_HAL_Driver/Src/stm32l5xx_hal_pcd_ex.o
                0x0000000008002b56                HAL_PCDEx_ActivateLPM
 *fill*         0x0000000008002baa        0x2 
 .text.HAL_PWR_EnableBkUpAccess
                0x0000000008002bac       0x20 ./Drivers/STM32L5xx_HAL_Driver/Src/stm32l5xx_hal_pwr.o
                0x0000000008002bac                HAL_PWR_EnableBkUpAccess
 .text.HAL_PWREx_GetVoltageRange
                0x0000000008002bcc       0x1c ./Drivers/STM32L5xx_HAL_Driver/Src/stm32l5xx_hal_pwr_ex.o
                0x0000000008002bcc                HAL_PWREx_GetVoltageRange
 .text.HAL_PWREx_ControlVoltageScaling
                0x0000000008002be8       0xb8 ./Drivers/STM32L5xx_HAL_Driver/Src/stm32l5xx_hal_pwr_ex.o
                0x0000000008002be8                HAL_PWREx_ControlVoltageScaling
 .text.HAL_PWREx_EnableVddIO2
                0x0000000008002ca0       0x20 ./Drivers/STM32L5xx_HAL_Driver/Src/stm32l5xx_hal_pwr_ex.o
                0x0000000008002ca0                HAL_PWREx_EnableVddIO2
 .text.HAL_PWREx_SMPS_GetEffectiveMode
                0x0000000008002cc0       0x48 ./Drivers/STM32L5xx_HAL_Driver/Src/stm32l5xx_hal_pwr_ex.o
                0x0000000008002cc0                HAL_PWREx_SMPS_GetEffectiveMode
 .text.HAL_RCC_OscConfig
                0x0000000008002d08      0x9ac ./Drivers/STM32L5xx_HAL_Driver/Src/stm32l5xx_hal_rcc.o
                0x0000000008002d08                HAL_RCC_OscConfig
 .text.HAL_RCC_ClockConfig
                0x00000000080036b4      0x270 ./Drivers/STM32L5xx_HAL_Driver/Src/stm32l5xx_hal_rcc.o
                0x00000000080036b4                HAL_RCC_ClockConfig
 .text.HAL_RCC_GetSysClockFreq
                0x0000000008003924      0x13c ./Drivers/STM32L5xx_HAL_Driver/Src/stm32l5xx_hal_rcc.o
                0x0000000008003924                HAL_RCC_GetSysClockFreq
 .text.HAL_RCC_GetHCLKFreq
                0x0000000008003a60       0x28 ./Drivers/STM32L5xx_HAL_Driver/Src/stm32l5xx_hal_rcc.o
                0x0000000008003a60                HAL_RCC_GetHCLKFreq
 .text.HAL_RCC_GetPCLK1Freq
                0x0000000008003a88       0x28 ./Drivers/STM32L5xx_HAL_Driver/Src/stm32l5xx_hal_rcc.o
                0x0000000008003a88                HAL_RCC_GetPCLK1Freq
 .text.HAL_RCC_GetPCLK2Freq
                0x0000000008003ab0       0x28 ./Drivers/STM32L5xx_HAL_Driver/Src/stm32l5xx_hal_rcc.o
                0x0000000008003ab0                HAL_RCC_GetPCLK2Freq
 .text.RCC_SetFlashLatencyFromMSIRange
                0x0000000008003ad8       0xc8 ./Drivers/STM32L5xx_HAL_Driver/Src/stm32l5xx_hal_rcc.o
 .text.RCC_GetSysClockFreqFromPLLSource
                0x0000000008003ba0       0xdc ./Drivers/STM32L5xx_HAL_Driver/Src/stm32l5xx_hal_rcc.o
 .text.HAL_RCCEx_PeriphCLKConfig
                0x0000000008003c7c      0x708 ./Drivers/STM32L5xx_HAL_Driver/Src/stm32l5xx_hal_rcc_ex.o
                0x0000000008003c7c                HAL_RCCEx_PeriphCLKConfig
 .text.RCCEx_PLLSAI1_Config
                0x0000000008004384      0x1cc ./Drivers/STM32L5xx_HAL_Driver/Src/stm32l5xx_hal_rcc_ex.o
 .text.RCCEx_PLLSAI2_Config
                0x0000000008004550      0x158 ./Drivers/STM32L5xx_HAL_Driver/Src/stm32l5xx_hal_rcc_ex.o
 .text.HAL_RTC_Init
                0x00000000080046a8       0xf0 ./Drivers/STM32L5xx_HAL_Driver/Src/stm32l5xx_hal_rtc.o
                0x00000000080046a8                HAL_RTC_Init
 .text.HAL_RTC_WaitForSynchro
                0x0000000008004798       0x48 ./Drivers/STM32L5xx_HAL_Driver/Src/stm32l5xx_hal_rtc.o
                0x0000000008004798                HAL_RTC_WaitForSynchro
 .text.RTC_EnterInitMode
                0x00000000080047e0       0x68 ./Drivers/STM32L5xx_HAL_Driver/Src/stm32l5xx_hal_rtc.o
                0x00000000080047e0                RTC_EnterInitMode
 .text.RTC_ExitInitMode
                0x0000000008004848       0x7c ./Drivers/STM32L5xx_HAL_Driver/Src/stm32l5xx_hal_rtc.o
                0x0000000008004848                RTC_ExitInitMode
 .text.HAL_RTCEx_PrivilegeModeSet
                0x00000000080048c4       0x58 ./Drivers/STM32L5xx_HAL_Driver/Src/stm32l5xx_hal_rtc_ex.o
                0x00000000080048c4                HAL_RTCEx_PrivilegeModeSet
 .text.HAL_UART_Init
                0x000000000800491c       0xa0 ./Drivers/STM32L5xx_HAL_Driver/Src/stm32l5xx_hal_uart.o
                0x000000000800491c                HAL_UART_Init
 .text.UART_SetConfig
                0x00000000080049bc      0x600 ./Drivers/STM32L5xx_HAL_Driver/Src/stm32l5xx_hal_uart.o
                0x00000000080049bc                UART_SetConfig
 .text.UART_AdvFeatureConfig
                0x0000000008004fbc      0x144 ./Drivers/STM32L5xx_HAL_Driver/Src/stm32l5xx_hal_uart.o
                0x0000000008004fbc                UART_AdvFeatureConfig
 .text.UART_CheckIdleState
                0x0000000008005100      0x154 ./Drivers/STM32L5xx_HAL_Driver/Src/stm32l5xx_hal_uart.o
                0x0000000008005100                UART_CheckIdleState
 .text.UART_WaitOnFlagUntilTimeout
                0x0000000008005254       0xce ./Drivers/STM32L5xx_HAL_Driver/Src/stm32l5xx_hal_uart.o
                0x0000000008005254                UART_WaitOnFlagUntilTimeout
 .text.UART_EndRxTransfer
                0x0000000008005322       0xcc ./Drivers/STM32L5xx_HAL_Driver/Src/stm32l5xx_hal_uart.o
 .text.HAL_UARTEx_DisableFifoMode
                0x00000000080053ee       0x72 ./Drivers/STM32L5xx_HAL_Driver/Src/stm32l5xx_hal_uart_ex.o
                0x00000000080053ee                HAL_UARTEx_DisableFifoMode
 .text.HAL_UARTEx_SetTxFifoThreshold
                0x0000000008005460       0x7c ./Drivers/STM32L5xx_HAL_Driver/Src/stm32l5xx_hal_uart_ex.o
                0x0000000008005460                HAL_UARTEx_SetTxFifoThreshold
 .text.HAL_UARTEx_SetRxFifoThreshold
                0x00000000080054dc       0x7c ./Drivers/STM32L5xx_HAL_Driver/Src/stm32l5xx_hal_uart_ex.o
                0x00000000080054dc                HAL_UARTEx_SetRxFifoThreshold
 .text.UARTEx_SetNbDataToProcess
                0x0000000008005558       0x9c ./Drivers/STM32L5xx_HAL_Driver/Src/stm32l5xx_hal_uart_ex.o
 .text.LL_GPIO_SetPinMode
                0x00000000080055f4       0x7a ./Drivers/STM32L5xx_HAL_Driver/Src/stm32l5xx_ll_gpio.o
 .text.LL_GPIO_SetPinOutputType
                0x000000000800566e       0x30 ./Drivers/STM32L5xx_HAL_Driver/Src/stm32l5xx_ll_gpio.o
 .text.LL_GPIO_SetPinSpeed
                0x000000000800569e       0x7a ./Drivers/STM32L5xx_HAL_Driver/Src/stm32l5xx_ll_gpio.o
 .text.LL_GPIO_SetPinPull
                0x0000000008005718       0x7a ./Drivers/STM32L5xx_HAL_Driver/Src/stm32l5xx_ll_gpio.o
 .text.LL_GPIO_SetAFPin_0_7
                0x0000000008005792       0x7a ./Drivers/STM32L5xx_HAL_Driver/Src/stm32l5xx_ll_gpio.o
 .text.LL_GPIO_SetAFPin_8_15
                0x000000000800580c       0x7e ./Drivers/STM32L5xx_HAL_Driver/Src/stm32l5xx_ll_gpio.o
 .text.LL_GPIO_Init
                0x000000000800588a       0xda ./Drivers/STM32L5xx_HAL_Driver/Src/stm32l5xx_ll_gpio.o
                0x000000000800588a                LL_GPIO_Init
 .text.USB_DisableGlobalInt
                0x0000000008005964       0x36 ./Drivers/STM32L5xx_HAL_Driver/Src/stm32l5xx_ll_usb.o
                0x0000000008005964                USB_DisableGlobalInt
 .text.USB_DevInit
                0x000000000800599a       0x42 ./Drivers/STM32L5xx_HAL_Driver/Src/stm32l5xx_ll_usb.o
                0x000000000800599a                USB_DevInit
 .text.std      0x00000000080059dc       0x6c C:/ST/STM32CubeIDE_1.14.1/STM32CubeIDE/plugins/com.st.stm32cube.ide.mcu.externaltools.gnu-tools-for-stm32.11.3.rel1.win32_1.1.100.202309141235/tools/bin/../lib/gcc/arm-none-eabi/11.3.1/../../../../arm-none-eabi/lib/thumb/v8-m.main+fp/hard\libc_nano.a(libc_a-findfp.o)
 .text.stdio_exit_handler
                0x0000000008005a48       0x18 C:/ST/STM32CubeIDE_1.14.1/STM32CubeIDE/plugins/com.st.stm32cube.ide.mcu.externaltools.gnu-tools-for-stm32.11.3.rel1.win32_1.1.100.202309141235/tools/bin/../lib/gcc/arm-none-eabi/11.3.1/../../../../arm-none-eabi/lib/thumb/v8-m.main+fp/hard\libc_nano.a(libc_a-findfp.o)
 .text.cleanup_stdio
                0x0000000008005a60       0x40 C:/ST/STM32CubeIDE_1.14.1/STM32CubeIDE/plugins/com.st.stm32cube.ide.mcu.externaltools.gnu-tools-for-stm32.11.3.rel1.win32_1.1.100.202309141235/tools/bin/../lib/gcc/arm-none-eabi/11.3.1/../../../../arm-none-eabi/lib/thumb/v8-m.main+fp/hard\libc_nano.a(libc_a-findfp.o)
 .text.global_stdio_init.part.0
                0x0000000008005aa0       0x3c C:/ST/STM32CubeIDE_1.14.1/STM32CubeIDE/plugins/com.st.stm32cube.ide.mcu.externaltools.gnu-tools-for-stm32.11.3.rel1.win32_1.1.100.202309141235/tools/bin/../lib/gcc/arm-none-eabi/11.3.1/../../../../arm-none-eabi/lib/thumb/v8-m.main+fp/hard\libc_nano.a(libc_a-findfp.o)
 .text.__sfp_lock_acquire
                0x0000000008005adc        0xc C:/ST/STM32CubeIDE_1.14.1/STM32CubeIDE/plugins/com.st.stm32cube.ide.mcu.externaltools.gnu-tools-for-stm32.11.3.rel1.win32_1.1.100.202309141235/tools/bin/../lib/gcc/arm-none-eabi/11.3.1/../../../../arm-none-eabi/lib/thumb/v8-m.main+fp/hard\libc_nano.a(libc_a-findfp.o)
                0x0000000008005adc                __sfp_lock_acquire
 .text.__sfp_lock_release
                0x0000000008005ae8        0xc C:/ST/STM32CubeIDE_1.14.1/STM32CubeIDE/plugins/com.st.stm32cube.ide.mcu.externaltools.gnu-tools-for-stm32.11.3.rel1.win32_1.1.100.202309141235/tools/bin/../lib/gcc/arm-none-eabi/11.3.1/../../../../arm-none-eabi/lib/thumb/v8-m.main+fp/hard\libc_nano.a(libc_a-findfp.o)
                0x0000000008005ae8                __sfp_lock_release
 .text.__sinit  0x0000000008005af4       0x30 C:/ST/STM32CubeIDE_1.14.1/STM32CubeIDE/plugins/com.st.stm32cube.ide.mcu.externaltools.gnu-tools-for-stm32.11.3.rel1.win32_1.1.100.202309141235/tools/bin/../lib/gcc/arm-none-eabi/11.3.1/../../../../arm-none-eabi/lib/thumb/v8-m.main+fp/hard\libc_nano.a(libc_a-findfp.o)
                0x0000000008005af4                __sinit
 .text._fwalk_sglue
                0x0000000008005b24       0x3c C:/ST/STM32CubeIDE_1.14.1/STM32CubeIDE/plugins/com.st.stm32cube.ide.mcu.externaltools.gnu-tools-for-stm32.11.3.rel1.win32_1.1.100.202309141235/tools/bin/../lib/gcc/arm-none-eabi/11.3.1/../../../../arm-none-eabi/lib/thumb/v8-m.main+fp/hard\libc_nano.a(libc_a-fwalk.o)
                0x0000000008005b24                _fwalk_sglue
 .text._puts_r  0x0000000008005b60       0xa8 C:/ST/STM32CubeIDE_1.14.1/STM32CubeIDE/plugins/com.st.stm32cube.ide.mcu.externaltools.gnu-tools-for-stm32.11.3.rel1.win32_1.1.100.202309141235/tools/bin/../lib/gcc/arm-none-eabi/11.3.1/../../../../arm-none-eabi/lib/thumb/v8-m.main+fp/hard\libc_nano.a(libc_a-puts.o)
                0x0000000008005b60                _puts_r
 .text.puts     0x0000000008005c08       0x10 C:/ST/STM32CubeIDE_1.14.1/STM32CubeIDE/plugins/com.st.stm32cube.ide.mcu.externaltools.gnu-tools-for-stm32.11.3.rel1.win32_1.1.100.202309141235/tools/bin/../lib/gcc/arm-none-eabi/11.3.1/../../../../arm-none-eabi/lib/thumb/v8-m.main+fp/hard\libc_nano.a(libc_a-puts.o)
                0x0000000008005c08                puts
 .text.__sread  0x0000000008005c18       0x22 C:/ST/STM32CubeIDE_1.14.1/STM32CubeIDE/plugins/com.st.stm32cube.ide.mcu.externaltools.gnu-tools-for-stm32.11.3.rel1.win32_1.1.100.202309141235/tools/bin/../lib/gcc/arm-none-eabi/11.3.1/../../../../arm-none-eabi/lib/thumb/v8-m.main+fp/hard\libc_nano.a(libc_a-stdio.o)
                0x0000000008005c18                __sread
 .text.__swrite
                0x0000000008005c3a       0x38 C:/ST/STM32CubeIDE_1.14.1/STM32CubeIDE/plugins/com.st.stm32cube.ide.mcu.externaltools.gnu-tools-for-stm32.11.3.rel1.win32_1.1.100.202309141235/tools/bin/../lib/gcc/arm-none-eabi/11.3.1/../../../../arm-none-eabi/lib/thumb/v8-m.main+fp/hard\libc_nano.a(libc_a-stdio.o)
                0x0000000008005c3a                __swrite
 .text.__sseek  0x0000000008005c72       0x24 C:/ST/STM32CubeIDE_1.14.1/STM32CubeIDE/plugins/com.st.stm32cube.ide.mcu.externaltools.gnu-tools-for-stm32.11.3.rel1.win32_1.1.100.202309141235/tools/bin/../lib/gcc/arm-none-eabi/11.3.1/../../../../arm-none-eabi/lib/thumb/v8-m.main+fp/hard\libc_nano.a(libc_a-stdio.o)
                0x0000000008005c72                __sseek
 .text.__sclose
                0x0000000008005c96        0x8 C:/ST/STM32CubeIDE_1.14.1/STM32CubeIDE/plugins/com.st.stm32cube.ide.mcu.externaltools.gnu-tools-for-stm32.11.3.rel1.win32_1.1.100.202309141235/tools/bin/../lib/gcc/arm-none-eabi/11.3.1/../../../../arm-none-eabi/lib/thumb/v8-m.main+fp/hard\libc_nano.a(libc_a-stdio.o)
                0x0000000008005c96                __sclose
 .text.__swbuf_r
                0x0000000008005c9e       0x7a C:/ST/STM32CubeIDE_1.14.1/STM32CubeIDE/plugins/com.st.stm32cube.ide.mcu.externaltools.gnu-tools-for-stm32.11.3.rel1.win32_1.1.100.202309141235/tools/bin/../lib/gcc/arm-none-eabi/11.3.1/../../../../arm-none-eabi/lib/thumb/v8-m.main+fp/hard\libc_nano.a(libc_a-wbuf.o)
                0x0000000008005c9e                __swbuf_r
 .text.__swsetup_r
                0x0000000008005d18       0xb0 C:/ST/STM32CubeIDE_1.14.1/STM32CubeIDE/plugins/com.st.stm32cube.ide.mcu.externaltools.gnu-tools-for-stm32.11.3.rel1.win32_1.1.100.202309141235/tools/bin/../lib/gcc/arm-none-eabi/11.3.1/../../../../arm-none-eabi/lib/thumb/v8-m.main+fp/hard\libc_nano.a(libc_a-wsetup.o)
                0x0000000008005d18                __swsetup_r
 .text.memset   0x0000000008005dc8       0x10 C:/ST/STM32CubeIDE_1.14.1/STM32CubeIDE/plugins/com.st.stm32cube.ide.mcu.externaltools.gnu-tools-for-stm32.11.3.rel1.win32_1.1.100.202309141235/tools/bin/../lib/gcc/arm-none-eabi/11.3.1/../../../../arm-none-eabi/lib/thumb/v8-m.main+fp/hard\libc_nano.a(libc_a-memset.o)
                0x0000000008005dc8                memset
 .text._close_r
                0x0000000008005dd8       0x20 C:/ST/STM32CubeIDE_1.14.1/STM32CubeIDE/plugins/com.st.stm32cube.ide.mcu.externaltools.gnu-tools-for-stm32.11.3.rel1.win32_1.1.100.202309141235/tools/bin/../lib/gcc/arm-none-eabi/11.3.1/../../../../arm-none-eabi/lib/thumb/v8-m.main+fp/hard\libc_nano.a(libc_a-closer.o)
                0x0000000008005dd8                _close_r
 .text._lseek_r
                0x0000000008005df8       0x24 C:/ST/STM32CubeIDE_1.14.1/STM32CubeIDE/plugins/com.st.stm32cube.ide.mcu.externaltools.gnu-tools-for-stm32.11.3.rel1.win32_1.1.100.202309141235/tools/bin/../lib/gcc/arm-none-eabi/11.3.1/../../../../arm-none-eabi/lib/thumb/v8-m.main+fp/hard\libc_nano.a(libc_a-lseekr.o)
                0x0000000008005df8                _lseek_r
 .text._read_r  0x0000000008005e1c       0x24 C:/ST/STM32CubeIDE_1.14.1/STM32CubeIDE/plugins/com.st.stm32cube.ide.mcu.externaltools.gnu-tools-for-stm32.11.3.rel1.win32_1.1.100.202309141235/tools/bin/../lib/gcc/arm-none-eabi/11.3.1/../../../../arm-none-eabi/lib/thumb/v8-m.main+fp/hard\libc_nano.a(libc_a-readr.o)
                0x0000000008005e1c                _read_r
 .text._write_r
                0x0000000008005e40       0x24 C:/ST/STM32CubeIDE_1.14.1/STM32CubeIDE/plugins/com.st.stm32cube.ide.mcu.externaltools.gnu-tools-for-stm32.11.3.rel1.win32_1.1.100.202309141235/tools/bin/../lib/gcc/arm-none-eabi/11.3.1/../../../../arm-none-eabi/lib/thumb/v8-m.main+fp/hard\libc_nano.a(libc_a-writer.o)
                0x0000000008005e40                _write_r
 .text.__errno  0x0000000008005e64        0xc C:/ST/STM32CubeIDE_1.14.1/STM32CubeIDE/plugins/com.st.stm32cube.ide.mcu.externaltools.gnu-tools-for-stm32.11.3.rel1.win32_1.1.100.202309141235/tools/bin/../lib/gcc/arm-none-eabi/11.3.1/../../../../arm-none-eabi/lib/thumb/v8-m.main+fp/hard\libc_nano.a(libc_a-errno.o)
                0x0000000008005e64                __errno
 .text.__libc_init_array
                0x0000000008005e70       0x48 C:/ST/STM32CubeIDE_1.14.1/STM32CubeIDE/plugins/com.st.stm32cube.ide.mcu.externaltools.gnu-tools-for-stm32.11.3.rel1.win32_1.1.100.202309141235/tools/bin/../lib/gcc/arm-none-eabi/11.3.1/../../../../arm-none-eabi/lib/thumb/v8-m.main+fp/hard\libc_nano.a(libc_a-init.o)
                0x0000000008005e70                __libc_init_array
 .text.__retarget_lock_init_recursive
                0x0000000008005eb8        0x2 C:/ST/STM32CubeIDE_1.14.1/STM32CubeIDE/plugins/com.st.stm32cube.ide.mcu.externaltools.gnu-tools-for-stm32.11.3.rel1.win32_1.1.100.202309141235/tools/bin/../lib/gcc/arm-none-eabi/11.3.1/../../../../arm-none-eabi/lib/thumb/v8-m.main+fp/hard\libc_nano.a(libc_a-lock.o)
                0x0000000008005eb8                __retarget_lock_init_recursive
 .text.__retarget_lock_acquire_recursive
                0x0000000008005eba        0x2 C:/ST/STM32CubeIDE_1.14.1/STM32CubeIDE/plugins/com.st.stm32cube.ide.mcu.externaltools.gnu-tools-for-stm32.11.3.rel1.win32_1.1.100.202309141235/tools/bin/../lib/gcc/arm-none-eabi/11.3.1/../../../../arm-none-eabi/lib/thumb/v8-m.main+fp/hard\libc_nano.a(libc_a-lock.o)
                0x0000000008005eba                __retarget_lock_acquire_recursive
 .text.__retarget_lock_release_recursive
                0x0000000008005ebc        0x2 C:/ST/STM32CubeIDE_1.14.1/STM32CubeIDE/plugins/com.st.stm32cube.ide.mcu.externaltools.gnu-tools-for-stm32.11.3.rel1.win32_1.1.100.202309141235/tools/bin/../lib/gcc/arm-none-eabi/11.3.1/../../../../arm-none-eabi/lib/thumb/v8-m.main+fp/hard\libc_nano.a(libc_a-lock.o)
                0x0000000008005ebc                __retarget_lock_release_recursive
 *fill*         0x0000000008005ebe        0x2 
 .text._free_r  0x0000000008005ec0       0x98 C:/ST/STM32CubeIDE_1.14.1/STM32CubeIDE/plugins/com.st.stm32cube.ide.mcu.externaltools.gnu-tools-for-stm32.11.3.rel1.win32_1.1.100.202309141235/tools/bin/../lib/gcc/arm-none-eabi/11.3.1/../../../../arm-none-eabi/lib/thumb/v8-m.main+fp/hard\libc_nano.a(libc_a-freer.o)
                0x0000000008005ec0                _free_r
 .text.sbrk_aligned
                0x0000000008005f58       0x40 C:/ST/STM32CubeIDE_1.14.1/STM32CubeIDE/plugins/com.st.stm32cube.ide.mcu.externaltools.gnu-tools-for-stm32.11.3.rel1.win32_1.1.100.202309141235/tools/bin/../lib/gcc/arm-none-eabi/11.3.1/../../../../arm-none-eabi/lib/thumb/v8-m.main+fp/hard\libc_nano.a(libc_a-mallocr.o)
 .text._malloc_r
                0x0000000008005f98      0x100 C:/ST/STM32CubeIDE_1.14.1/STM32CubeIDE/plugins/com.st.stm32cube.ide.mcu.externaltools.gnu-tools-for-stm32.11.3.rel1.win32_1.1.100.202309141235/tools/bin/../lib/gcc/arm-none-eabi/11.3.1/../../../../arm-none-eabi/lib/thumb/v8-m.main+fp/hard\libc_nano.a(libc_a-mallocr.o)
                0x0000000008005f98                _malloc_r
 .text.__malloc_lock
                0x0000000008006098        0xc C:/ST/STM32CubeIDE_1.14.1/STM32CubeIDE/plugins/com.st.stm32cube.ide.mcu.externaltools.gnu-tools-for-stm32.11.3.rel1.win32_1.1.100.202309141235/tools/bin/../lib/gcc/arm-none-eabi/11.3.1/../../../../arm-none-eabi/lib/thumb/v8-m.main+fp/hard\libc_nano.a(libc_a-mlock.o)
                0x0000000008006098                __malloc_lock
 .text.__malloc_unlock
                0x00000000080060a4        0xc C:/ST/STM32CubeIDE_1.14.1/STM32CubeIDE/plugins/com.st.stm32cube.ide.mcu.externaltools.gnu-tools-for-stm32.11.3.rel1.win32_1.1.100.202309141235/tools/bin/../lib/gcc/arm-none-eabi/11.3.1/../../../../arm-none-eabi/lib/thumb/v8-m.main+fp/hard\libc_nano.a(libc_a-mlock.o)
                0x00000000080060a4                __malloc_unlock
 .text.__sflush_r
                0x00000000080060b0      0x108 C:/ST/STM32CubeIDE_1.14.1/STM32CubeIDE/plugins/com.st.stm32cube.ide.mcu.externaltools.gnu-tools-for-stm32.11.3.rel1.win32_1.1.100.202309141235/tools/bin/../lib/gcc/arm-none-eabi/11.3.1/../../../../arm-none-eabi/lib/thumb/v8-m.main+fp/hard\libc_nano.a(libc_a-fflush.o)
                0x00000000080060b0                __sflush_r
 .text._fflush_r
                0x00000000080061b8       0x50 C:/ST/STM32CubeIDE_1.14.1/STM32CubeIDE/plugins/com.st.stm32cube.ide.mcu.externaltools.gnu-tools-for-stm32.11.3.rel1.win32_1.1.100.202309141235/tools/bin/../lib/gcc/arm-none-eabi/11.3.1/../../../../arm-none-eabi/lib/thumb/v8-m.main+fp/hard\libc_nano.a(libc_a-fflush.o)
                0x00000000080061b8                _fflush_r
 .text.__swhatbuf_r
                0x0000000008006208       0x4a C:/ST/STM32CubeIDE_1.14.1/STM32CubeIDE/plugins/com.st.stm32cube.ide.mcu.externaltools.gnu-tools-for-stm32.11.3.rel1.win32_1.1.100.202309141235/tools/bin/../lib/gcc/arm-none-eabi/11.3.1/../../../../arm-none-eabi/lib/thumb/v8-m.main+fp/hard\libc_nano.a(libc_a-makebuf.o)
                0x0000000008006208                __swhatbuf_r
 .text.__smakebuf_r
                0x0000000008006252       0x78 C:/ST/STM32CubeIDE_1.14.1/STM32CubeIDE/plugins/com.st.stm32cube.ide.mcu.externaltools.gnu-tools-for-stm32.11.3.rel1.win32_1.1.100.202309141235/tools/bin/../lib/gcc/arm-none-eabi/11.3.1/../../../../arm-none-eabi/lib/thumb/v8-m.main+fp/hard\libc_nano.a(libc_a-makebuf.o)
                0x0000000008006252                __smakebuf_r
 *fill*         0x00000000080062ca        0x2 
 .text._fstat_r
                0x00000000080062cc       0x24 C:/ST/STM32CubeIDE_1.14.1/STM32CubeIDE/plugins/com.st.stm32cube.ide.mcu.externaltools.gnu-tools-for-stm32.11.3.rel1.win32_1.1.100.202309141235/tools/bin/../lib/gcc/arm-none-eabi/11.3.1/../../../../arm-none-eabi/lib/thumb/v8-m.main+fp/hard\libc_nano.a(libc_a-fstatr.o)
                0x00000000080062cc                _fstat_r
 .text._isatty_r
                0x00000000080062f0       0x20 C:/ST/STM32CubeIDE_1.14.1/STM32CubeIDE/plugins/com.st.stm32cube.ide.mcu.externaltools.gnu-tools-for-stm32.11.3.rel1.win32_1.1.100.202309141235/tools/bin/../lib/gcc/arm-none-eabi/11.3.1/../../../../arm-none-eabi/lib/thumb/v8-m.main+fp/hard\libc_nano.a(libc_a-isattyr.o)
                0x00000000080062f0                _isatty_r
 .text._sbrk_r  0x0000000008006310       0x20 C:/ST/STM32CubeIDE_1.14.1/STM32CubeIDE/plugins/com.st.stm32cube.ide.mcu.externaltools.gnu-tools-for-stm32.11.3.rel1.win32_1.1.100.202309141235/tools/bin/../lib/gcc/arm-none-eabi/11.3.1/../../../../arm-none-eabi/lib/thumb/v8-m.main+fp/hard\libc_nano.a(libc_a-sbrkr.o)
                0x0000000008006310                _sbrk_r
 *(.glue_7)
 .glue_7        0x0000000008006330        0x0 linker stubs
 *(.glue_7t)
 .glue_7t       0x0000000008006330        0x0 linker stubs
 *(.eh_frame)
 .eh_frame      0x0000000008006330        0x0 C:/ST/STM32CubeIDE_1.14.1/STM32CubeIDE/plugins/com.st.stm32cube.ide.mcu.externaltools.gnu-tools-for-stm32.11.3.rel1.win32_1.1.100.202309141235/tools/bin/../lib/gcc/arm-none-eabi/11.3.1/thumb/v8-m.main+fp/hard/crtbegin.o
 *(.init)
 .init          0x0000000008006330        0x4 C:/ST/STM32CubeIDE_1.14.1/STM32CubeIDE/plugins/com.st.stm32cube.ide.mcu.externaltools.gnu-tools-for-stm32.11.3.rel1.win32_1.1.100.202309141235/tools/bin/../lib/gcc/arm-none-eabi/11.3.1/thumb/v8-m.main+fp/hard/crti.o
                0x0000000008006330                _init
 .init          0x0000000008006334        0x8 C:/ST/STM32CubeIDE_1.14.1/STM32CubeIDE/plugins/com.st.stm32cube.ide.mcu.externaltools.gnu-tools-for-stm32.11.3.rel1.win32_1.1.100.202309141235/tools/bin/../lib/gcc/arm-none-eabi/11.3.1/thumb/v8-m.main+fp/hard/crtn.o
 *(.fini)
 .fini          0x000000000800633c        0x4 C:/ST/STM32CubeIDE_1.14.1/STM32CubeIDE/plugins/com.st.stm32cube.ide.mcu.externaltools.gnu-tools-for-stm32.11.3.rel1.win32_1.1.100.202309141235/tools/bin/../lib/gcc/arm-none-eabi/11.3.1/thumb/v8-m.main+fp/hard/crti.o
                0x000000000800633c                _fini
 .fini          0x0000000008006340        0x8 C:/ST/STM32CubeIDE_1.14.1/STM32CubeIDE/plugins/com.st.stm32cube.ide.mcu.externaltools.gnu-tools-for-stm32.11.3.rel1.win32_1.1.100.202309141235/tools/bin/../lib/gcc/arm-none-eabi/11.3.1/thumb/v8-m.main+fp/hard/crtn.o
                0x0000000008006348                . = ALIGN (0x4)
                0x0000000008006348                _etext = .

.vfp11_veneer   0x0000000008006348        0x0
 .vfp11_veneer  0x0000000008006348        0x0 linker stubs

.v4_bx          0x0000000008006348        0x0
 .v4_bx         0x0000000008006348        0x0 linker stubs

.iplt           0x0000000008006348        0x0
 .iplt          0x0000000008006348        0x0 C:/ST/STM32CubeIDE_1.14.1/STM32CubeIDE/plugins/com.st.stm32cube.ide.mcu.externaltools.gnu-tools-for-stm32.11.3.rel1.win32_1.1.100.202309141235/tools/bin/../lib/gcc/arm-none-eabi/11.3.1/thumb/v8-m.main+fp/hard/crtbegin.o

.rodata         0x0000000008006348       0xe0
                0x0000000008006348                . = ALIGN (0x4)
 *(.rodata)
 .rodata        0x0000000008006348       0x60 ./Core/Src/main.o
 *(.rodata*)
 .rodata.AHBPrescTable
                0x00000000080063a8       0x10 ./Core/Src/system_stm32l5xx.o
                0x00000000080063a8                AHBPrescTable
 .rodata.APBPrescTable
                0x00000000080063b8        0x8 ./Core/Src/system_stm32l5xx.o
                0x00000000080063b8                APBPrescTable
 .rodata.MSIRangeTable
                0x00000000080063c0       0x40 ./Core/Src/system_stm32l5xx.o
                0x00000000080063c0                MSIRangeTable
 .rodata.UARTPrescTable
                0x0000000008006400       0x18 ./Drivers/STM32L5xx_HAL_Driver/Src/stm32l5xx_hal_uart.o
                0x0000000008006400                UARTPrescTable
 .rodata.numerator.1
                0x0000000008006418        0x8 ./Drivers/STM32L5xx_HAL_Driver/Src/stm32l5xx_hal_uart_ex.o
 .rodata.denominator.0
                0x0000000008006420        0x8 ./Drivers/STM32L5xx_HAL_Driver/Src/stm32l5xx_hal_uart_ex.o
                0x0000000008006428                . = ALIGN (0x4)

.ARM.extab      0x0000000008006428        0x0
                0x0000000008006428                . = ALIGN (0x4)
 *(.ARM.extab* .gnu.linkonce.armextab.*)
                0x0000000008006428                . = ALIGN (0x4)

.ARM            0x0000000008006428        0x8
                0x0000000008006428                . = ALIGN (0x4)
                0x0000000008006428                __exidx_start = .
 *(.ARM.exidx*)
 .ARM.exidx     0x0000000008006428        0x8 C:/ST/STM32CubeIDE_1.14.1/STM32CubeIDE/plugins/com.st.stm32cube.ide.mcu.externaltools.gnu-tools-for-stm32.11.3.rel1.win32_1.1.100.202309141235/tools/bin/../lib/gcc/arm-none-eabi/11.3.1/thumb/v8-m.main+fp/hard\libgcc.a(_udivmoddi4.o)
                0x0000000008006430                __exidx_end = .
                0x0000000008006430                . = ALIGN (0x4)

.rel.dyn        0x0000000008006430        0x0
 .rel.iplt      0x0000000008006430        0x0 C:/ST/STM32CubeIDE_1.14.1/STM32CubeIDE/plugins/com.st.stm32cube.ide.mcu.externaltools.gnu-tools-for-stm32.11.3.rel1.win32_1.1.100.202309141235/tools/bin/../lib/gcc/arm-none-eabi/11.3.1/thumb/v8-m.main+fp/hard/crtbegin.o

.preinit_array  0x0000000008006430        0x0
                0x0000000008006430                . = ALIGN (0x4)
                0x0000000008006430                PROVIDE (__preinit_array_start = .)
 *(.preinit_array*)
                0x0000000008006430                PROVIDE (__preinit_array_end = .)
                0x0000000008006430                . = ALIGN (0x4)

.init_array     0x0000000008006430        0x4
                0x0000000008006430                . = ALIGN (0x4)
                0x0000000008006430                PROVIDE (__init_array_start = .)
 *(SORT_BY_NAME(.init_array.*))
 *(.init_array*)
 .init_array    0x0000000008006430        0x4 C:/ST/STM32CubeIDE_1.14.1/STM32CubeIDE/plugins/com.st.stm32cube.ide.mcu.externaltools.gnu-tools-for-stm32.11.3.rel1.win32_1.1.100.202309141235/tools/bin/../lib/gcc/arm-none-eabi/11.3.1/thumb/v8-m.main+fp/hard/crtbegin.o
                0x0000000008006434                PROVIDE (__init_array_end = .)
                0x0000000008006434                . = ALIGN (0x4)

.fini_array     0x0000000008006434        0x4
                0x0000000008006434                . = ALIGN (0x4)
                [!provide]                        PROVIDE (__fini_array_start = .)
 *(SORT_BY_NAME(.fini_array.*))
 *(.fini_array*)
 .fini_array    0x0000000008006434        0x4 C:/ST/STM32CubeIDE_1.14.1/STM32CubeIDE/plugins/com.st.stm32cube.ide.mcu.externaltools.gnu-tools-for-stm32.11.3.rel1.win32_1.1.100.202309141235/tools/bin/../lib/gcc/arm-none-eabi/11.3.1/thumb/v8-m.main+fp/hard/crtbegin.o
                [!provide]                        PROVIDE (__fini_array_end = .)
                0x0000000008006438                . = ALIGN (0x4)
                0x0000000008006438                _sidata = LOADADDR (.data)

.data           0x0000000020000000       0x68 load address 0x0000000008006438
                0x0000000020000000                . = ALIGN (0x4)
                0x0000000020000000                _sdata = .
 *(.data)
 *(.data*)
 .data.SystemCoreClock
                0x0000000020000000        0x4 ./Core/Src/system_stm32l5xx.o
                0x0000000020000000                SystemCoreClock
 .data.uwTickPrio
                0x0000000020000004        0x4 ./Drivers/STM32L5xx_HAL_Driver/Src/stm32l5xx_hal.o
                0x0000000020000004                uwTickPrio
 .data.uwTickFreq
                0x0000000020000008        0x1 ./Drivers/STM32L5xx_HAL_Driver/Src/stm32l5xx_hal.o
                0x0000000020000008                uwTickFreq
 *fill*         0x0000000020000009        0x3 
 .data.__sglue  0x000000002000000c        0xc C:/ST/STM32CubeIDE_1.14.1/STM32CubeIDE/plugins/com.st.stm32cube.ide.mcu.externaltools.gnu-tools-for-stm32.11.3.rel1.win32_1.1.100.202309141235/tools/bin/../lib/gcc/arm-none-eabi/11.3.1/../../../../arm-none-eabi/lib/thumb/v8-m.main+fp/hard\libc_nano.a(libc_a-findfp.o)
                0x000000002000000c                __sglue
 .data._impure_data
                0x0000000020000018       0x4c C:/ST/STM32CubeIDE_1.14.1/STM32CubeIDE/plugins/com.st.stm32cube.ide.mcu.externaltools.gnu-tools-for-stm32.11.3.rel1.win32_1.1.100.202309141235/tools/bin/../lib/gcc/arm-none-eabi/11.3.1/../../../../arm-none-eabi/lib/thumb/v8-m.main+fp/hard\libc_nano.a(libc_a-impure.o)
                0x0000000020000018                _impure_data
 .data._impure_ptr
                0x0000000020000064        0x4 C:/ST/STM32CubeIDE_1.14.1/STM32CubeIDE/plugins/com.st.stm32cube.ide.mcu.externaltools.gnu-tools-for-stm32.11.3.rel1.win32_1.1.100.202309141235/tools/bin/../lib/gcc/arm-none-eabi/11.3.1/../../../../arm-none-eabi/lib/thumb/v8-m.main+fp/hard\libc_nano.a(libc_a-impure.o)
                0x0000000020000064                _impure_ptr
 *(.RamFunc)
 *(.RamFunc*)
                0x0000000020000068                . = ALIGN (0x4)
                0x0000000020000068                _edata = .

.igot.plt       0x0000000020000068        0x0 load address 0x00000000080064a0
 .igot.plt      0x0000000020000068        0x0 C:/ST/STM32CubeIDE_1.14.1/STM32CubeIDE/plugins/com.st.stm32cube.ide.mcu.externaltools.gnu-tools-for-stm32.11.3.rel1.win32_1.1.100.202309141235/tools/bin/../lib/gcc/arm-none-eabi/11.3.1/thumb/v8-m.main+fp/hard/crtbegin.o
                0x0000000020000068                . = ALIGN (0x4)

.bss            0x0000000020000068      0x590 load address 0x00000000080064a0
                0x0000000020000068                _sbss = .
                0x0000000020000068                __bss_start__ = _sbss
 *(.bss)
 .bss           0x0000000020000068       0x1c C:/ST/STM32CubeIDE_1.14.1/STM32CubeIDE/plugins/com.st.stm32cube.ide.mcu.externaltools.gnu-tools-for-stm32.11.3.rel1.win32_1.1.100.202309141235/tools/bin/../lib/gcc/arm-none-eabi/11.3.1/thumb/v8-m.main+fp/hard/crtbegin.o
 *(.bss*)
 .bss.hadc1     0x0000000020000084       0x68 ./Core/Src/main.o
                0x0000000020000084                hadc1
 .bss.hlpuart1  0x00000000200000ec       0x94 ./Core/Src/main.o
                0x00000000200000ec                hlpuart1
 .bss.hrtc      0x0000000020000180       0x28 ./Core/Src/main.o
                0x0000000020000180                hrtc
 .bss.hpcd_USB_FS
                0x00000000200001a8      0x2f4 ./Core/Src/main.o
                0x00000000200001a8                hpcd_USB_FS
 .bss.B0        0x000000002000049c        0x1 ./Core/Src/main.o
                0x000000002000049c                B0
 .bss.B1        0x000000002000049d        0x1 ./Core/Src/main.o
                0x000000002000049d                B1
 *fill*         0x000000002000049e        0x2 
 .bss.estado    0x00000000200004a0        0x4 ./Core/Src/main.o
                0x00000000200004a0                estado
 .bss.__sbrk_heap_end
                0x00000000200004a4        0x4 ./Core/Src/sysmem.o
 .bss.uwTick    0x00000000200004a8        0x4 ./Drivers/STM32L5xx_HAL_Driver/Src/stm32l5xx_hal.o
                0x00000000200004a8                uwTick
 .bss.__sf      0x00000000200004ac      0x138 C:/ST/STM32CubeIDE_1.14.1/STM32CubeIDE/plugins/com.st.stm32cube.ide.mcu.externaltools.gnu-tools-for-stm32.11.3.rel1.win32_1.1.100.202309141235/tools/bin/../lib/gcc/arm-none-eabi/11.3.1/../../../../arm-none-eabi/lib/thumb/v8-m.main+fp/hard\libc_nano.a(libc_a-findfp.o)
                0x00000000200004ac                __sf
 .bss.__stdio_exit_handler
                0x00000000200005e4        0x4 C:/ST/STM32CubeIDE_1.14.1/STM32CubeIDE/plugins/com.st.stm32cube.ide.mcu.externaltools.gnu-tools-for-stm32.11.3.rel1.win32_1.1.100.202309141235/tools/bin/../lib/gcc/arm-none-eabi/11.3.1/../../../../arm-none-eabi/lib/thumb/v8-m.main+fp/hard\libc_nano.a(libc_a-findfp.o)
                0x00000000200005e4                __stdio_exit_handler
 .bss.errno     0x00000000200005e8        0x4 C:/ST/STM32CubeIDE_1.14.1/STM32CubeIDE/plugins/com.st.stm32cube.ide.mcu.externaltools.gnu-tools-for-stm32.11.3.rel1.win32_1.1.100.202309141235/tools/bin/../lib/gcc/arm-none-eabi/11.3.1/../../../../arm-none-eabi/lib/thumb/v8-m.main+fp/hard\libc_nano.a(libc_a-reent.o)
                0x00000000200005e8                errno
 .bss.__lock___malloc_recursive_mutex
                0x00000000200005ec        0x1 C:/ST/STM32CubeIDE_1.14.1/STM32CubeIDE/plugins/com.st.stm32cube.ide.mcu.externaltools.gnu-tools-for-stm32.11.3.rel1.win32_1.1.100.202309141235/tools/bin/../lib/gcc/arm-none-eabi/11.3.1/../../../../arm-none-eabi/lib/thumb/v8-m.main+fp/hard\libc_nano.a(libc_a-lock.o)
                0x00000000200005ec                __lock___malloc_recursive_mutex
 .bss.__lock___sfp_recursive_mutex
                0x00000000200005ed        0x1 C:/ST/STM32CubeIDE_1.14.1/STM32CubeIDE/plugins/com.st.stm32cube.ide.mcu.externaltools.gnu-tools-for-stm32.11.3.rel1.win32_1.1.100.202309141235/tools/bin/../lib/gcc/arm-none-eabi/11.3.1/../../../../arm-none-eabi/lib/thumb/v8-m.main+fp/hard\libc_nano.a(libc_a-lock.o)
                0x00000000200005ed                __lock___sfp_recursive_mutex
 *fill*         0x00000000200005ee        0x2 
 .bss.__malloc_free_list
                0x00000000200005f0        0x4 C:/ST/STM32CubeIDE_1.14.1/STM32CubeIDE/plugins/com.st.stm32cube.ide.mcu.externaltools.gnu-tools-for-stm32.11.3.rel1.win32_1.1.100.202309141235/tools/bin/../lib/gcc/arm-none-eabi/11.3.1/../../../../arm-none-eabi/lib/thumb/v8-m.main+fp/hard\libc_nano.a(libc_a-mallocr.o)
                0x00000000200005f0                __malloc_free_list
 .bss.__malloc_sbrk_start
                0x00000000200005f4        0x4 C:/ST/STM32CubeIDE_1.14.1/STM32CubeIDE/plugins/com.st.stm32cube.ide.mcu.externaltools.gnu-tools-for-stm32.11.3.rel1.win32_1.1.100.202309141235/tools/bin/../lib/gcc/arm-none-eabi/11.3.1/../../../../arm-none-eabi/lib/thumb/v8-m.main+fp/hard\libc_nano.a(libc_a-mallocr.o)
                0x00000000200005f4                __malloc_sbrk_start
 *(COMMON)
                0x00000000200005f8                . = ALIGN (0x4)
                0x00000000200005f8                _ebss = .
                0x00000000200005f8                __bss_end__ = _ebss

._user_heap_stack
                0x00000000200005f8      0x600 load address 0x00000000080064a0
                0x00000000200005f8                . = ALIGN (0x8)
                [!provide]                        PROVIDE (end = .)
                0x00000000200005f8                PROVIDE (_end = .)
                0x00000000200007f8                . = (. + _Min_Heap_Size)
 *fill*         0x00000000200005f8      0x200 
                0x0000000020000bf8                . = (. + _Min_Stack_Size)
 *fill*         0x00000000200007f8      0x400 
                0x0000000020000bf8                . = ALIGN (0x8)

/DISCARD/
 libc.a(*)
 libm.a(*)
 libgcc.a(*)

.ARM.attributes
                0x0000000000000000       0x36
 *(.ARM.attributes)
 .ARM.attributes
                0x0000000000000000       0x22 C:/ST/STM32CubeIDE_1.14.1/STM32CubeIDE/plugins/com.st.stm32cube.ide.mcu.externaltools.gnu-tools-for-stm32.11.3.rel1.win32_1.1.100.202309141235/tools/bin/../lib/gcc/arm-none-eabi/11.3.1/thumb/v8-m.main+fp/hard/crti.o
 .ARM.attributes
                0x0000000000000022       0x38 C:/ST/STM32CubeIDE_1.14.1/STM32CubeIDE/plugins/com.st.stm32cube.ide.mcu.externaltools.gnu-tools-for-stm32.11.3.rel1.win32_1.1.100.202309141235/tools/bin/../lib/gcc/arm-none-eabi/11.3.1/thumb/v8-m.main+fp/hard/crtbegin.o
 .ARM.attributes
                0x000000000000005a       0x3a ./Core/Src/main.o
 .ARM.attributes
                0x0000000000000094       0x3a ./Core/Src/stm32l5xx_hal_msp.o
 .ARM.attributes
                0x00000000000000ce       0x3a ./Core/Src/stm32l5xx_it.o
 .ARM.attributes
                0x0000000000000108       0x3a ./Core/Src/syscalls.o
 .ARM.attributes
                0x0000000000000142       0x3a ./Core/Src/sysmem.o
 .ARM.attributes
                0x000000000000017c       0x3a ./Core/Src/system_stm32l5xx.o
 .ARM.attributes
                0x00000000000001b6       0x24 ./Core/Startup/startup_stm32l552zetxq.o
 .ARM.attributes
                0x00000000000001da       0x3a ./Drivers/STM32L5xx_HAL_Driver/Src/stm32l5xx_hal.o
 .ARM.attributes
                0x0000000000000214       0x3a ./Drivers/STM32L5xx_HAL_Driver/Src/stm32l5xx_hal_adc.o
 .ARM.attributes
                0x000000000000024e       0x3a ./Drivers/STM32L5xx_HAL_Driver/Src/stm32l5xx_hal_adc_ex.o
 .ARM.attributes
                0x0000000000000288       0x3a ./Drivers/STM32L5xx_HAL_Driver/Src/stm32l5xx_hal_cortex.o
 .ARM.attributes
                0x00000000000002c2       0x3a ./Drivers/STM32L5xx_HAL_Driver/Src/stm32l5xx_hal_gpio.o
 .ARM.attributes
                0x00000000000002fc       0x3a ./Drivers/STM32L5xx_HAL_Driver/Src/stm32l5xx_hal_icache.o
 .ARM.attributes
                0x0000000000000336       0x3a ./Drivers/STM32L5xx_HAL_Driver/Src/stm32l5xx_hal_pcd.o
 .ARM.attributes
                0x0000000000000370       0x3a ./Drivers/STM32L5xx_HAL_Driver/Src/stm32l5xx_hal_pcd_ex.o
 .ARM.attributes
                0x00000000000003aa       0x3a ./Drivers/STM32L5xx_HAL_Driver/Src/stm32l5xx_hal_pwr.o
 .ARM.attributes
                0x00000000000003e4       0x3a ./Drivers/STM32L5xx_HAL_Driver/Src/stm32l5xx_hal_pwr_ex.o
 .ARM.attributes
                0x000000000000041e       0x3a ./Drivers/STM32L5xx_HAL_Driver/Src/stm32l5xx_hal_rcc.o
 .ARM.attributes
                0x0000000000000458       0x3a ./Drivers/STM32L5xx_HAL_Driver/Src/stm32l5xx_hal_rcc_ex.o
 .ARM.attributes
                0x0000000000000492       0x3a ./Drivers/STM32L5xx_HAL_Driver/Src/stm32l5xx_hal_rtc.o
 .ARM.attributes
                0x00000000000004cc       0x3a ./Drivers/STM32L5xx_HAL_Driver/Src/stm32l5xx_hal_rtc_ex.o
 .ARM.attributes
                0x0000000000000506       0x3a ./Drivers/STM32L5xx_HAL_Driver/Src/stm32l5xx_hal_uart.o
 .ARM.attributes
                0x0000000000000540       0x3a ./Drivers/STM32L5xx_HAL_Driver/Src/stm32l5xx_hal_uart_ex.o
 .ARM.attributes
                0x000000000000057a       0x3a ./Drivers/STM32L5xx_HAL_Driver/Src/stm32l5xx_ll_gpio.o
 .ARM.attributes
                0x00000000000005b4       0x3a ./Drivers/STM32L5xx_HAL_Driver/Src/stm32l5xx_ll_usb.o
 .ARM.attributes
                0x00000000000005ee       0x38 C:/ST/STM32CubeIDE_1.14.1/STM32CubeIDE/plugins/com.st.stm32cube.ide.mcu.externaltools.gnu-tools-for-stm32.11.3.rel1.win32_1.1.100.202309141235/tools/bin/../lib/gcc/arm-none-eabi/11.3.1/../../../../arm-none-eabi/lib/thumb/v8-m.main+fp/hard\libc_nano.a(libc_a-findfp.o)
 .ARM.attributes
                0x0000000000000626       0x38 C:/ST/STM32CubeIDE_1.14.1/STM32CubeIDE/plugins/com.st.stm32cube.ide.mcu.externaltools.gnu-tools-for-stm32.11.3.rel1.win32_1.1.100.202309141235/tools/bin/../lib/gcc/arm-none-eabi/11.3.1/../../../../arm-none-eabi/lib/thumb/v8-m.main+fp/hard\libc_nano.a(libc_a-fwalk.o)
 .ARM.attributes
                0x000000000000065e       0x38 C:/ST/STM32CubeIDE_1.14.1/STM32CubeIDE/plugins/com.st.stm32cube.ide.mcu.externaltools.gnu-tools-for-stm32.11.3.rel1.win32_1.1.100.202309141235/tools/bin/../lib/gcc/arm-none-eabi/11.3.1/../../../../arm-none-eabi/lib/thumb/v8-m.main+fp/hard\libc_nano.a(libc_a-puts.o)
 .ARM.attributes
                0x0000000000000696       0x38 C:/ST/STM32CubeIDE_1.14.1/STM32CubeIDE/plugins/com.st.stm32cube.ide.mcu.externaltools.gnu-tools-for-stm32.11.3.rel1.win32_1.1.100.202309141235/tools/bin/../lib/gcc/arm-none-eabi/11.3.1/../../../../arm-none-eabi/lib/thumb/v8-m.main+fp/hard\libc_nano.a(libc_a-stdio.o)
 .ARM.attributes
                0x00000000000006ce       0x38 C:/ST/STM32CubeIDE_1.14.1/STM32CubeIDE/plugins/com.st.stm32cube.ide.mcu.externaltools.gnu-tools-for-stm32.11.3.rel1.win32_1.1.100.202309141235/tools/bin/../lib/gcc/arm-none-eabi/11.3.1/../../../../arm-none-eabi/lib/thumb/v8-m.main+fp/hard\libc_nano.a(libc_a-wbuf.o)
 .ARM.attributes
                0x0000000000000706       0x38 C:/ST/STM32CubeIDE_1.14.1/STM32CubeIDE/plugins/com.st.stm32cube.ide.mcu.externaltools.gnu-tools-for-stm32.11.3.rel1.win32_1.1.100.202309141235/tools/bin/../lib/gcc/arm-none-eabi/11.3.1/../../../../arm-none-eabi/lib/thumb/v8-m.main+fp/hard\libc_nano.a(libc_a-wsetup.o)
 .ARM.attributes
                0x000000000000073e       0x38 C:/ST/STM32CubeIDE_1.14.1/STM32CubeIDE/plugins/com.st.stm32cube.ide.mcu.externaltools.gnu-tools-for-stm32.11.3.rel1.win32_1.1.100.202309141235/tools/bin/../lib/gcc/arm-none-eabi/11.3.1/../../../../arm-none-eabi/lib/thumb/v8-m.main+fp/hard\libc_nano.a(libc_a-memset.o)
 .ARM.attributes
                0x0000000000000776       0x38 C:/ST/STM32CubeIDE_1.14.1/STM32CubeIDE/plugins/com.st.stm32cube.ide.mcu.externaltools.gnu-tools-for-stm32.11.3.rel1.win32_1.1.100.202309141235/tools/bin/../lib/gcc/arm-none-eabi/11.3.1/../../../../arm-none-eabi/lib/thumb/v8-m.main+fp/hard\libc_nano.a(libc_a-closer.o)
 .ARM.attributes
                0x00000000000007ae       0x38 C:/ST/STM32CubeIDE_1.14.1/STM32CubeIDE/plugins/com.st.stm32cube.ide.mcu.externaltools.gnu-tools-for-stm32.11.3.rel1.win32_1.1.100.202309141235/tools/bin/../lib/gcc/arm-none-eabi/11.3.1/../../../../arm-none-eabi/lib/thumb/v8-m.main+fp/hard\libc_nano.a(libc_a-reent.o)
 .ARM.attributes
                0x00000000000007e6       0x38 C:/ST/STM32CubeIDE_1.14.1/STM32CubeIDE/plugins/com.st.stm32cube.ide.mcu.externaltools.gnu-tools-for-stm32.11.3.rel1.win32_1.1.100.202309141235/tools/bin/../lib/gcc/arm-none-eabi/11.3.1/../../../../arm-none-eabi/lib/thumb/v8-m.main+fp/hard\libc_nano.a(libc_a-impure.o)
 .ARM.attributes
                0x000000000000081e       0x38 C:/ST/STM32CubeIDE_1.14.1/STM32CubeIDE/plugins/com.st.stm32cube.ide.mcu.externaltools.gnu-tools-for-stm32.11.3.rel1.win32_1.1.100.202309141235/tools/bin/../lib/gcc/arm-none-eabi/11.3.1/../../../../arm-none-eabi/lib/thumb/v8-m.main+fp/hard\libc_nano.a(libc_a-lseekr.o)
 .ARM.attributes
                0x0000000000000856       0x38 C:/ST/STM32CubeIDE_1.14.1/STM32CubeIDE/plugins/com.st.stm32cube.ide.mcu.externaltools.gnu-tools-for-stm32.11.3.rel1.win32_1.1.100.202309141235/tools/bin/../lib/gcc/arm-none-eabi/11.3.1/../../../../arm-none-eabi/lib/thumb/v8-m.main+fp/hard\libc_nano.a(libc_a-readr.o)
 .ARM.attributes
                0x000000000000088e       0x38 C:/ST/STM32CubeIDE_1.14.1/STM32CubeIDE/plugins/com.st.stm32cube.ide.mcu.externaltools.gnu-tools-for-stm32.11.3.rel1.win32_1.1.100.202309141235/tools/bin/../lib/gcc/arm-none-eabi/11.3.1/../../../../arm-none-eabi/lib/thumb/v8-m.main+fp/hard\libc_nano.a(libc_a-writer.o)
 .ARM.attributes
                0x00000000000008c6       0x38 C:/ST/STM32CubeIDE_1.14.1/STM32CubeIDE/plugins/com.st.stm32cube.ide.mcu.externaltools.gnu-tools-for-stm32.11.3.rel1.win32_1.1.100.202309141235/tools/bin/../lib/gcc/arm-none-eabi/11.3.1/../../../../arm-none-eabi/lib/thumb/v8-m.main+fp/hard\libc_nano.a(libc_a-errno.o)
 .ARM.attributes
                0x00000000000008fe       0x38 C:/ST/STM32CubeIDE_1.14.1/STM32CubeIDE/plugins/com.st.stm32cube.ide.mcu.externaltools.gnu-tools-for-stm32.11.3.rel1.win32_1.1.100.202309141235/tools/bin/../lib/gcc/arm-none-eabi/11.3.1/../../../../arm-none-eabi/lib/thumb/v8-m.main+fp/hard\libc_nano.a(libc_a-init.o)
 .ARM.attributes
                0x0000000000000936       0x38 C:/ST/STM32CubeIDE_1.14.1/STM32CubeIDE/plugins/com.st.stm32cube.ide.mcu.externaltools.gnu-tools-for-stm32.11.3.rel1.win32_1.1.100.202309141235/tools/bin/../lib/gcc/arm-none-eabi/11.3.1/../../../../arm-none-eabi/lib/thumb/v8-m.main+fp/hard\libc_nano.a(libc_a-lock.o)
 .ARM.attributes
                0x000000000000096e       0x38 C:/ST/STM32CubeIDE_1.14.1/STM32CubeIDE/plugins/com.st.stm32cube.ide.mcu.externaltools.gnu-tools-for-stm32.11.3.rel1.win32_1.1.100.202309141235/tools/bin/../lib/gcc/arm-none-eabi/11.3.1/../../../../arm-none-eabi/lib/thumb/v8-m.main+fp/hard\libc_nano.a(libc_a-freer.o)
 .ARM.attributes
                0x00000000000009a6       0x38 C:/ST/STM32CubeIDE_1.14.1/STM32CubeIDE/plugins/com.st.stm32cube.ide.mcu.externaltools.gnu-tools-for-stm32.11.3.rel1.win32_1.1.100.202309141235/tools/bin/../lib/gcc/arm-none-eabi/11.3.1/../../../../arm-none-eabi/lib/thumb/v8-m.main+fp/hard\libc_nano.a(libc_a-mallocr.o)
 .ARM.attributes
                0x00000000000009de       0x38 C:/ST/STM32CubeIDE_1.14.1/STM32CubeIDE/plugins/com.st.stm32cube.ide.mcu.externaltools.gnu-tools-for-stm32.11.3.rel1.win32_1.1.100.202309141235/tools/bin/../lib/gcc/arm-none-eabi/11.3.1/../../../../arm-none-eabi/lib/thumb/v8-m.main+fp/hard\libc_nano.a(libc_a-mlock.o)
 .ARM.attributes
                0x0000000000000a16       0x38 C:/ST/STM32CubeIDE_1.14.1/STM32CubeIDE/plugins/com.st.stm32cube.ide.mcu.externaltools.gnu-tools-for-stm32.11.3.rel1.win32_1.1.100.202309141235/tools/bin/../lib/gcc/arm-none-eabi/11.3.1/../../../../arm-none-eabi/lib/thumb/v8-m.main+fp/hard\libc_nano.a(libc_a-fflush.o)
 .ARM.attributes
                0x0000000000000a4e       0x38 C:/ST/STM32CubeIDE_1.14.1/STM32CubeIDE/plugins/com.st.stm32cube.ide.mcu.externaltools.gnu-tools-for-stm32.11.3.rel1.win32_1.1.100.202309141235/tools/bin/../lib/gcc/arm-none-eabi/11.3.1/../../../../arm-none-eabi/lib/thumb/v8-m.main+fp/hard\libc_nano.a(libc_a-makebuf.o)
 .ARM.attributes
                0x0000000000000a86       0x38 C:/ST/STM32CubeIDE_1.14.1/STM32CubeIDE/plugins/com.st.stm32cube.ide.mcu.externaltools.gnu-tools-for-stm32.11.3.rel1.win32_1.1.100.202309141235/tools/bin/../lib/gcc/arm-none-eabi/11.3.1/../../../../arm-none-eabi/lib/thumb/v8-m.main+fp/hard\libc_nano.a(libc_a-fstatr.o)
 .ARM.attributes
                0x0000000000000abe       0x38 C:/ST/STM32CubeIDE_1.14.1/STM32CubeIDE/plugins/com.st.stm32cube.ide.mcu.externaltools.gnu-tools-for-stm32.11.3.rel1.win32_1.1.100.202309141235/tools/bin/../lib/gcc/arm-none-eabi/11.3.1/../../../../arm-none-eabi/lib/thumb/v8-m.main+fp/hard\libc_nano.a(libc_a-isattyr.o)
 .ARM.attributes
                0x0000000000000af6       0x38 C:/ST/STM32CubeIDE_1.14.1/STM32CubeIDE/plugins/com.st.stm32cube.ide.mcu.externaltools.gnu-tools-for-stm32.11.3.rel1.win32_1.1.100.202309141235/tools/bin/../lib/gcc/arm-none-eabi/11.3.1/../../../../arm-none-eabi/lib/thumb/v8-m.main+fp/hard\libc_nano.a(libc_a-sbrkr.o)
 .ARM.attributes
                0x0000000000000b2e       0x22 C:/ST/STM32CubeIDE_1.14.1/STM32CubeIDE/plugins/com.st.stm32cube.ide.mcu.externaltools.gnu-tools-for-stm32.11.3.rel1.win32_1.1.100.202309141235/tools/bin/../lib/gcc/arm-none-eabi/11.3.1/thumb/v8-m.main+fp/hard\libgcc.a(_aeabi_uldivmod.o)
 .ARM.attributes
                0x0000000000000b50       0x38 C:/ST/STM32CubeIDE_1.14.1/STM32CubeIDE/plugins/com.st.stm32cube.ide.mcu.externaltools.gnu-tools-for-stm32.11.3.rel1.win32_1.1.100.202309141235/tools/bin/../lib/gcc/arm-none-eabi/11.3.1/thumb/v8-m.main+fp/hard\libgcc.a(_udivmoddi4.o)
 .ARM.attributes
                0x0000000000000b88       0x22 C:/ST/STM32CubeIDE_1.14.1/STM32CubeIDE/plugins/com.st.stm32cube.ide.mcu.externaltools.gnu-tools-for-stm32.11.3.rel1.win32_1.1.100.202309141235/tools/bin/../lib/gcc/arm-none-eabi/11.3.1/thumb/v8-m.main+fp/hard\libgcc.a(_dvmd_tls.o)
 .ARM.attributes
                0x0000000000000baa       0x22 C:/ST/STM32CubeIDE_1.14.1/STM32CubeIDE/plugins/com.st.stm32cube.ide.mcu.externaltools.gnu-tools-for-stm32.11.3.rel1.win32_1.1.100.202309141235/tools/bin/../lib/gcc/arm-none-eabi/11.3.1/thumb/v8-m.main+fp/hard/crtn.o
OUTPUT(P2.elf elf32-littlearm)
LOAD linker stubs
LOAD C:/ST/STM32CubeIDE_1.14.1/STM32CubeIDE/plugins/com.st.stm32cube.ide.mcu.externaltools.gnu-tools-for-stm32.11.3.rel1.win32_1.1.100.202309141235/tools/bin/../lib/gcc/arm-none-eabi/11.3.1/../../../../arm-none-eabi/lib/thumb/v8-m.main+fp/hard\libc.a
LOAD C:/ST/STM32CubeIDE_1.14.1/STM32CubeIDE/plugins/com.st.stm32cube.ide.mcu.externaltools.gnu-tools-for-stm32.11.3.rel1.win32_1.1.100.202309141235/tools/bin/../lib/gcc/arm-none-eabi/11.3.1/../../../../arm-none-eabi/lib/thumb/v8-m.main+fp/hard\libm.a
LOAD C:/ST/STM32CubeIDE_1.14.1/STM32CubeIDE/plugins/com.st.stm32cube.ide.mcu.externaltools.gnu-tools-for-stm32.11.3.rel1.win32_1.1.100.202309141235/tools/bin/../lib/gcc/arm-none-eabi/11.3.1/thumb/v8-m.main+fp/hard\libgcc.a

.comment        0x0000000000000000       0x43
 .comment       0x0000000000000000       0x43 C:/ST/STM32CubeIDE_1.14.1/STM32CubeIDE/plugins/com.st.stm32cube.ide.mcu.externaltools.gnu-tools-for-stm32.11.3.rel1.win32_1.1.100.202309141235/tools/bin/../lib/gcc/arm-none-eabi/11.3.1/thumb/v8-m.main+fp/hard/crtbegin.o
                                         0x44 (size before relaxing)
 .comment       0x0000000000000043       0x44 ./Core/Src/main.o
 .comment       0x0000000000000043       0x44 ./Core/Src/stm32l5xx_hal_msp.o
 .comment       0x0000000000000043       0x44 ./Core/Src/stm32l5xx_it.o
 .comment       0x0000000000000043       0x44 ./Core/Src/syscalls.o
 .comment       0x0000000000000043       0x44 ./Core/Src/sysmem.o
 .comment       0x0000000000000043       0x44 ./Core/Src/system_stm32l5xx.o
 .comment       0x0000000000000043       0x44 ./Drivers/STM32L5xx_HAL_Driver/Src/stm32l5xx_hal.o
 .comment       0x0000000000000043       0x44 ./Drivers/STM32L5xx_HAL_Driver/Src/stm32l5xx_hal_adc.o
 .comment       0x0000000000000043       0x44 ./Drivers/STM32L5xx_HAL_Driver/Src/stm32l5xx_hal_adc_ex.o
 .comment       0x0000000000000043       0x44 ./Drivers/STM32L5xx_HAL_Driver/Src/stm32l5xx_hal_cortex.o
 .comment       0x0000000000000043       0x44 ./Drivers/STM32L5xx_HAL_Driver/Src/stm32l5xx_hal_gpio.o
 .comment       0x0000000000000043       0x44 ./Drivers/STM32L5xx_HAL_Driver/Src/stm32l5xx_hal_icache.o
 .comment       0x0000000000000043       0x44 ./Drivers/STM32L5xx_HAL_Driver/Src/stm32l5xx_hal_pcd.o
 .comment       0x0000000000000043       0x44 ./Drivers/STM32L5xx_HAL_Driver/Src/stm32l5xx_hal_pcd_ex.o
 .comment       0x0000000000000043       0x44 ./Drivers/STM32L5xx_HAL_Driver/Src/stm32l5xx_hal_pwr.o
 .comment       0x0000000000000043       0x44 ./Drivers/STM32L5xx_HAL_Driver/Src/stm32l5xx_hal_pwr_ex.o
 .comment       0x0000000000000043       0x44 ./Drivers/STM32L5xx_HAL_Driver/Src/stm32l5xx_hal_rcc.o
 .comment       0x0000000000000043       0x44 ./Drivers/STM32L5xx_HAL_Driver/Src/stm32l5xx_hal_rcc_ex.o
 .comment       0x0000000000000043       0x44 ./Drivers/STM32L5xx_HAL_Driver/Src/stm32l5xx_hal_rtc.o
 .comment       0x0000000000000043       0x44 ./Drivers/STM32L5xx_HAL_Driver/Src/stm32l5xx_hal_rtc_ex.o
 .comment       0x0000000000000043       0x44 ./Drivers/STM32L5xx_HAL_Driver/Src/stm32l5xx_hal_uart.o
 .comment       0x0000000000000043       0x44 ./Drivers/STM32L5xx_HAL_Driver/Src/stm32l5xx_hal_uart_ex.o
 .comment       0x0000000000000043       0x44 ./Drivers/STM32L5xx_HAL_Driver/Src/stm32l5xx_ll_gpio.o
 .comment       0x0000000000000043       0x44 ./Drivers/STM32L5xx_HAL_Driver/Src/stm32l5xx_ll_usb.o

.debug_info     0x0000000000000000    0x1b295
 .debug_info    0x0000000000000000     0x259e ./Core/Src/main.o
 .debug_info    0x000000000000259e     0x1ca0 ./Core/Src/stm32l5xx_hal_msp.o
 .debug_info    0x000000000000423e      0x1a0 ./Core/Src/stm32l5xx_it.o
 .debug_info    0x00000000000043de      0x6a3 ./Core/Src/syscalls.o
 .debug_info    0x0000000000004a81      0x168 ./Core/Src/sysmem.o
 .debug_info    0x0000000000004be9      0x7e2 ./Core/Src/system_stm32l5xx.o
 .debug_info    0x00000000000053cb       0x23 ./Core/Startup/startup_stm32l552zetxq.o
 .debug_info    0x00000000000053ee      0xcf3 ./Drivers/STM32L5xx_HAL_Driver/Src/stm32l5xx_hal.o
 .debug_info    0x00000000000060e1     0x1f20 ./Drivers/STM32L5xx_HAL_Driver/Src/stm32l5xx_hal_adc.o
 .debug_info    0x0000000000008001     0x1cbb ./Drivers/STM32L5xx_HAL_Driver/Src/stm32l5xx_hal_adc_ex.o
 .debug_info    0x0000000000009cbc     0x1087 ./Drivers/STM32L5xx_HAL_Driver/Src/stm32l5xx_hal_cortex.o
 .debug_info    0x000000000000ad43      0x5d4 ./Drivers/STM32L5xx_HAL_Driver/Src/stm32l5xx_hal_gpio.o
 .debug_info    0x000000000000b317      0x4d4 ./Drivers/STM32L5xx_HAL_Driver/Src/stm32l5xx_hal_icache.o
 .debug_info    0x000000000000b7eb     0x15d9 ./Drivers/STM32L5xx_HAL_Driver/Src/stm32l5xx_hal_pcd.o
 .debug_info    0x000000000000cdc4      0x80a ./Drivers/STM32L5xx_HAL_Driver/Src/stm32l5xx_hal_pcd_ex.o
 .debug_info    0x000000000000d5ce      0xcd2 ./Drivers/STM32L5xx_HAL_Driver/Src/stm32l5xx_hal_pwr.o
 .debug_info    0x000000000000e2a0      0xd73 ./Drivers/STM32L5xx_HAL_Driver/Src/stm32l5xx_hal_pwr_ex.o
 .debug_info    0x000000000000f013      0xf75 ./Drivers/STM32L5xx_HAL_Driver/Src/stm32l5xx_hal_rcc.o
 .debug_info    0x000000000000ff88     0x1134 ./Drivers/STM32L5xx_HAL_Driver/Src/stm32l5xx_hal_rcc_ex.o
 .debug_info    0x00000000000110bc      0xf0b ./Drivers/STM32L5xx_HAL_Driver/Src/stm32l5xx_hal_rtc.o
 .debug_info    0x0000000000011fc7     0x19c9 ./Drivers/STM32L5xx_HAL_Driver/Src/stm32l5xx_hal_rtc_ex.o
 .debug_info    0x0000000000013990     0x48fb ./Drivers/STM32L5xx_HAL_Driver/Src/stm32l5xx_hal_uart.o
 .debug_info    0x000000000001828b      0xff3 ./Drivers/STM32L5xx_HAL_Driver/Src/stm32l5xx_hal_uart_ex.o
 .debug_info    0x000000000001927e      0xa1f ./Drivers/STM32L5xx_HAL_Driver/Src/stm32l5xx_ll_gpio.o
 .debug_info    0x0000000000019c9d     0x15f8 ./Drivers/STM32L5xx_HAL_Driver/Src/stm32l5xx_ll_usb.o

.debug_abbrev   0x0000000000000000     0x38a6
 .debug_abbrev  0x0000000000000000      0x40c ./Core/Src/main.o
 .debug_abbrev  0x000000000000040c      0x280 ./Core/Src/stm32l5xx_hal_msp.o
 .debug_abbrev  0x000000000000068c       0xca ./Core/Src/stm32l5xx_it.o
 .debug_abbrev  0x0000000000000756      0x1b6 ./Core/Src/syscalls.o
 .debug_abbrev  0x000000000000090c       0xbc ./Core/Src/sysmem.o
 .debug_abbrev  0x00000000000009c8      0x12b ./Core/Src/system_stm32l5xx.o
 .debug_abbrev  0x0000000000000af3       0x12 ./Core/Startup/startup_stm32l552zetxq.o
 .debug_abbrev  0x0000000000000b05      0x2cd ./Drivers/STM32L5xx_HAL_Driver/Src/stm32l5xx_hal.o
 .debug_abbrev  0x0000000000000dd2      0x2cc ./Drivers/STM32L5xx_HAL_Driver/Src/stm32l5xx_hal_adc.o
 .debug_abbrev  0x000000000000109e      0x2ef ./Drivers/STM32L5xx_HAL_Driver/Src/stm32l5xx_hal_adc_ex.o
 .debug_abbrev  0x000000000000138d      0x32c ./Drivers/STM32L5xx_HAL_Driver/Src/stm32l5xx_hal_cortex.o
 .debug_abbrev  0x00000000000016b9      0x1c2 ./Drivers/STM32L5xx_HAL_Driver/Src/stm32l5xx_hal_gpio.o
 .debug_abbrev  0x000000000000187b      0x228 ./Drivers/STM32L5xx_HAL_Driver/Src/stm32l5xx_hal_icache.o
 .debug_abbrev  0x0000000000001aa3      0x2b2 ./Drivers/STM32L5xx_HAL_Driver/Src/stm32l5xx_hal_pcd.o
 .debug_abbrev  0x0000000000001d55      0x228 ./Drivers/STM32L5xx_HAL_Driver/Src/stm32l5xx_hal_pcd_ex.o
 .debug_abbrev  0x0000000000001f7d      0x20a ./Drivers/STM32L5xx_HAL_Driver/Src/stm32l5xx_hal_pwr.o
 .debug_abbrev  0x0000000000002187      0x28c ./Drivers/STM32L5xx_HAL_Driver/Src/stm32l5xx_hal_pwr_ex.o
 .debug_abbrev  0x0000000000002413      0x2fd ./Drivers/STM32L5xx_HAL_Driver/Src/stm32l5xx_hal_rcc.o
 .debug_abbrev  0x0000000000002710      0x2c8 ./Drivers/STM32L5xx_HAL_Driver/Src/stm32l5xx_hal_rcc_ex.o
 .debug_abbrev  0x00000000000029d8      0x212 ./Drivers/STM32L5xx_HAL_Driver/Src/stm32l5xx_hal_rtc.o
 .debug_abbrev  0x0000000000002bea      0x232 ./Drivers/STM32L5xx_HAL_Driver/Src/stm32l5xx_hal_rtc_ex.o
 .debug_abbrev  0x0000000000002e1c      0x325 ./Drivers/STM32L5xx_HAL_Driver/Src/stm32l5xx_hal_uart.o
 .debug_abbrev  0x0000000000003141      0x2d3 ./Drivers/STM32L5xx_HAL_Driver/Src/stm32l5xx_hal_uart_ex.o
 .debug_abbrev  0x0000000000003414      0x253 ./Drivers/STM32L5xx_HAL_Driver/Src/stm32l5xx_ll_gpio.o
 .debug_abbrev  0x0000000000003667      0x23f ./Drivers/STM32L5xx_HAL_Driver/Src/stm32l5xx_ll_usb.o

.debug_aranges  0x0000000000000000     0x1688
 .debug_aranges
                0x0000000000000000       0x90 ./Core/Src/main.o
 .debug_aranges
                0x0000000000000090       0x60 ./Core/Src/stm32l5xx_hal_msp.o
 .debug_aranges
                0x00000000000000f0       0x70 ./Core/Src/stm32l5xx_it.o
 .debug_aranges
                0x0000000000000160       0xa8 ./Core/Src/syscalls.o
 .debug_aranges
                0x0000000000000208       0x20 ./Core/Src/sysmem.o
 .debug_aranges
                0x0000000000000228       0x28 ./Core/Src/system_stm32l5xx.o
 .debug_aranges
                0x0000000000000250       0x28 ./Core/Startup/startup_stm32l552zetxq.o
 .debug_aranges
                0x0000000000000278      0x130 ./Drivers/STM32L5xx_HAL_Driver/Src/stm32l5xx_hal.o
 .debug_aranges
                0x00000000000003a8      0x228 ./Drivers/STM32L5xx_HAL_Driver/Src/stm32l5xx_hal_adc.o
 .debug_aranges
                0x00000000000005d0      0x1b0 ./Drivers/STM32L5xx_HAL_Driver/Src/stm32l5xx_hal_adc_ex.o
 .debug_aranges
                0x0000000000000780      0x130 ./Drivers/STM32L5xx_HAL_Driver/Src/stm32l5xx_hal_cortex.o
 .debug_aranges
                0x00000000000008b0       0x60 ./Drivers/STM32L5xx_HAL_Driver/Src/stm32l5xx_hal_gpio.o
 .debug_aranges
                0x0000000000000910       0xa8 ./Drivers/STM32L5xx_HAL_Driver/Src/stm32l5xx_hal_icache.o
 .debug_aranges
                0x00000000000009b8      0x138 ./Drivers/STM32L5xx_HAL_Driver/Src/stm32l5xx_hal_pcd.o
 .debug_aranges
                0x0000000000000af0       0x58 ./Drivers/STM32L5xx_HAL_Driver/Src/stm32l5xx_hal_pcd_ex.o
 .debug_aranges
                0x0000000000000b48       0xa8 ./Drivers/STM32L5xx_HAL_Driver/Src/stm32l5xx_hal_pwr.o
 .debug_aranges
                0x0000000000000bf0      0x1b8 ./Drivers/STM32L5xx_HAL_Driver/Src/stm32l5xx_hal_pwr_ex.o
 .debug_aranges
                0x0000000000000da8       0xa8 ./Drivers/STM32L5xx_HAL_Driver/Src/stm32l5xx_hal_rcc.o
 .debug_aranges
                0x0000000000000e50      0x118 ./Drivers/STM32L5xx_HAL_Driver/Src/stm32l5xx_hal_rcc_ex.o
 .debug_aranges
                0x0000000000000f68       0xe8 ./Drivers/STM32L5xx_HAL_Driver/Src/stm32l5xx_hal_rtc.o
 .debug_aranges
                0x0000000000001050      0x220 ./Drivers/STM32L5xx_HAL_Driver/Src/stm32l5xx_hal_rtc_ex.o
 .debug_aranges
                0x0000000000001270      0x248 ./Drivers/STM32L5xx_HAL_Driver/Src/stm32l5xx_hal_uart.o
 .debug_aranges
                0x00000000000014b8       0xa8 ./Drivers/STM32L5xx_HAL_Driver/Src/stm32l5xx_hal_uart_ex.o
 .debug_aranges
                0x0000000000001560       0x70 ./Drivers/STM32L5xx_HAL_Driver/Src/stm32l5xx_ll_gpio.o
 .debug_aranges
                0x00000000000015d0       0xb8 ./Drivers/STM32L5xx_HAL_Driver/Src/stm32l5xx_ll_usb.o

.debug_rnglists
                0x0000000000000000     0x1132
 .debug_rnglists
                0x0000000000000000       0x6d ./Core/Src/main.o
 .debug_rnglists
                0x000000000000006d       0x46 ./Core/Src/stm32l5xx_hal_msp.o
 .debug_rnglists
                0x00000000000000b3       0x4f ./Core/Src/stm32l5xx_it.o
 .debug_rnglists
                0x0000000000000102       0x79 ./Core/Src/syscalls.o
 .debug_rnglists
                0x000000000000017b       0x13 ./Core/Src/sysmem.o
 .debug_rnglists
                0x000000000000018e       0x1a ./Core/Src/system_stm32l5xx.o
 .debug_rnglists
                0x00000000000001a8       0x19 ./Core/Startup/startup_stm32l552zetxq.o
 .debug_rnglists
                0x00000000000001c1       0xdf ./Drivers/STM32L5xx_HAL_Driver/Src/stm32l5xx_hal.o
 .debug_rnglists
                0x00000000000002a0      0x1a8 ./Drivers/STM32L5xx_HAL_Driver/Src/stm32l5xx_hal_adc.o
 .debug_rnglists
                0x0000000000000448      0x14e ./Drivers/STM32L5xx_HAL_Driver/Src/stm32l5xx_hal_adc_ex.o
 .debug_rnglists
                0x0000000000000596       0xdf ./Drivers/STM32L5xx_HAL_Driver/Src/stm32l5xx_hal_cortex.o
 .debug_rnglists
                0x0000000000000675       0x45 ./Drivers/STM32L5xx_HAL_Driver/Src/stm32l5xx_hal_gpio.o
 .debug_rnglists
                0x00000000000006ba       0x7a ./Drivers/STM32L5xx_HAL_Driver/Src/stm32l5xx_hal_icache.o
 .debug_rnglists
                0x0000000000000734       0xee ./Drivers/STM32L5xx_HAL_Driver/Src/stm32l5xx_hal_pcd.o
 .debug_rnglists
                0x0000000000000822       0x3f ./Drivers/STM32L5xx_HAL_Driver/Src/stm32l5xx_hal_pcd_ex.o
 .debug_rnglists
                0x0000000000000861       0x7a ./Drivers/STM32L5xx_HAL_Driver/Src/stm32l5xx_hal_pwr.o
 .debug_rnglists
                0x00000000000008db      0x14e ./Drivers/STM32L5xx_HAL_Driver/Src/stm32l5xx_hal_pwr_ex.o
 .debug_rnglists
                0x0000000000000a29       0x80 ./Drivers/STM32L5xx_HAL_Driver/Src/stm32l5xx_hal_rcc.o
 .debug_rnglists
                0x0000000000000aa9       0xdd ./Drivers/STM32L5xx_HAL_Driver/Src/stm32l5xx_hal_rcc_ex.o
 .debug_rnglists
                0x0000000000000b86       0xb3 ./Drivers/STM32L5xx_HAL_Driver/Src/stm32l5xx_hal_rtc.o
 .debug_rnglists
                0x0000000000000c39      0x1a2 ./Drivers/STM32L5xx_HAL_Driver/Src/stm32l5xx_hal_rtc_ex.o
 .debug_rnglists
                0x0000000000000ddb      0x1fa ./Drivers/STM32L5xx_HAL_Driver/Src/stm32l5xx_hal_uart.o
 .debug_rnglists
                0x0000000000000fd5       0x7f ./Drivers/STM32L5xx_HAL_Driver/Src/stm32l5xx_hal_uart_ex.o
 .debug_rnglists
                0x0000000000001054       0x51 ./Drivers/STM32L5xx_HAL_Driver/Src/stm32l5xx_ll_gpio.o
 .debug_rnglists
                0x00000000000010a5       0x8d ./Drivers/STM32L5xx_HAL_Driver/Src/stm32l5xx_ll_usb.o

.debug_macro    0x0000000000000000    0x2efc8
 .debug_macro   0x0000000000000000      0x2b4 ./Core/Src/main.o
 .debug_macro   0x00000000000002b4      0xab4 ./Core/Src/main.o
 .debug_macro   0x0000000000000d68      0x1a2 ./Core/Src/main.o
 .debug_macro   0x0000000000000f0a       0x2e ./Core/Src/main.o
 .debug_macro   0x0000000000000f38       0x42 ./Core/Src/main.o
 .debug_macro   0x0000000000000f7a       0x22 ./Core/Src/main.o
 .debug_macro   0x0000000000000f9c       0x8e ./Core/Src/main.o
 .debug_macro   0x000000000000102a       0x51 ./Core/Src/main.o
 .debug_macro   0x000000000000107b      0x103 ./Core/Src/main.o
 .debug_macro   0x000000000000117e       0x6a ./Core/Src/main.o
 .debug_macro   0x00000000000011e8      0x1df ./Core/Src/main.o
 .debug_macro   0x00000000000013c7       0x1c ./Core/Src/main.o
 .debug_macro   0x00000000000013e3       0x29 ./Core/Src/main.o
 .debug_macro   0x000000000000140c       0xfb ./Core/Src/main.o
 .debug_macro   0x0000000000001507     0x1336 ./Core/Src/main.o
 .debug_macro   0x000000000000283d       0x5e ./Core/Src/main.o
 .debug_macro   0x000000000000289b    0x1aca2 ./Core/Src/main.o
 .debug_macro   0x000000000001d53d       0x6c ./Core/Src/main.o
 .debug_macro   0x000000000001d5a9     0x3535 ./Core/Src/main.o
 .debug_macro   0x0000000000020ade      0x174 ./Core/Src/main.o
 .debug_macro   0x0000000000020c52       0x5c ./Core/Src/main.o
 .debug_macro   0x0000000000020cae     0x1987 ./Core/Src/main.o
 .debug_macro   0x0000000000022635      0xa52 ./Core/Src/main.o
 .debug_macro   0x0000000000023087      0x1cf ./Core/Src/main.o
 .debug_macro   0x0000000000023256      0x1d8 ./Core/Src/main.o
 .debug_macro   0x000000000002342e      0x4e1 ./Core/Src/main.o
 .debug_macro   0x000000000002390f      0x1ab ./Core/Src/main.o
 .debug_macro   0x0000000000023aba       0x4a ./Core/Src/main.o
 .debug_macro   0x0000000000023b04      0x1b9 ./Core/Src/main.o
 .debug_macro   0x0000000000023cbd      0xecd ./Core/Src/main.o
 .debug_macro   0x0000000000024b8a      0x608 ./Core/Src/main.o
 .debug_macro   0x0000000000025192      0x2e9 ./Core/Src/main.o
 .debug_macro   0x000000000002547b      0x230 ./Core/Src/main.o
 .debug_macro   0x00000000000256ab      0x3bb ./Core/Src/main.o
 .debug_macro   0x0000000000025a66       0x36 ./Core/Src/main.o
 .debug_macro   0x0000000000025a9c      0x11c ./Core/Src/main.o
 .debug_macro   0x0000000000025bb8      0x22c ./Core/Src/main.o
 .debug_macro   0x0000000000025de4       0x5b ./Core/Src/main.o
 .debug_macro   0x0000000000025e3f       0xa5 ./Core/Src/main.o
 .debug_macro   0x0000000000025ee4       0xc8 ./Core/Src/main.o
 .debug_macro   0x0000000000025fac       0x73 ./Core/Src/main.o
 .debug_macro   0x000000000002601f      0x22d ./Core/Src/main.o
 .debug_macro   0x000000000002624c      0x199 ./Core/Src/main.o
 .debug_macro   0x00000000000263e5      0x487 ./Core/Src/main.o
 .debug_macro   0x000000000002686c      0x31a ./Core/Src/main.o
 .debug_macro   0x0000000000026b86      0x748 ./Core/Src/main.o
 .debug_macro   0x00000000000272ce       0xeb ./Core/Src/main.o
 .debug_macro   0x00000000000273b9      0x693 ./Core/Src/main.o
 .debug_macro   0x0000000000027a4c       0xa6 ./Core/Src/main.o
 .debug_macro   0x0000000000027af2      0x3f1 ./Core/Src/main.o
 .debug_macro   0x0000000000027ee3      0x2b6 ./Core/Src/main.o
 .debug_macro   0x0000000000028199      0x1e2 ./Core/Src/main.o
 .debug_macro   0x000000000002837b      0x15a ./Core/Src/main.o
 .debug_macro   0x00000000000284d5      0xbd0 ./Core/Src/main.o
 .debug_macro   0x00000000000290a5      0x398 ./Core/Src/main.o
 .debug_macro   0x000000000002943d       0xae ./Core/Src/main.o