../Drivers/CMSIS/Include/core_cm33.h:2845:26:ITM_SendChar	16	static,ignoring_inline_asm
../Drivers/STM32L5xx_HAL_Driver/Inc/stm32l5xx_ll_bus.h:433:22:LL_AHB2_GRP1_EnableClock	24	static
../Drivers/STM32L5xx_HAL_Driver/Inc/stm32l5xx_ll_bus.h:914:22:LL_APB1_GRP2_EnableClock	24	static
../Core/Src/main.c:82:5:main	8	static
../Core/Src/main.c:131:6:SystemClock_Config	104	static
../Core/Src/main.c:192:13:MX_ADC1_Init	48	static
../Core/Src/main.c:259:13:MX_ICACHE_Init	8	static
../Core/Src/main.c:291:13:MX_LPUART1_UART_Init	8	static
../Core/Src/main.c:339:13:MX_RTC_Init	32	static
../Core/Src/main.c:386:13:MX_UCPD1_Init	32	static
../Core/Src/main.c:428:13:MX_USB_PCD_Init	8	static
../Core/Src/main.c:461:13:MX_GPIO_Init	48	static
../Core/Src/main.c:527:6:HAL_GPIO_EXTI_Rising_Callback	16	static
../Core/Src/main.c:607:5:_write	32	static
../Core/Src/main.c:621:6:Error_Handler	4	static,ignoring_inline_asm
