19:51:29 **** Incremental Build of configuration Debug for project P2 ****
make -j8 all 
arm-none-eabi-gcc "../Core/Src/main.c" -mcpu=cortex-m33 -std=gnu11 -g3 -DDEBUG -DUSE_FULL_LL_DRIVER -DUSE_HAL_DRIVER -DSTM32L552xx -c -I../Core/Inc -I../Drivers/STM32L5xx_HAL_Driver/Inc -I../Drivers/STM32L5xx_HAL_Driver/Inc/Legacy -I../Drivers/CMSIS/Device/ST/STM32L5xx/Include -I../Drivers/CMSIS/Include -O0 -ffunction-sections -fdata-sections -Wall -fstack-usage -fcyclomatic-complexity -MMD -MP -MF"Core/Src/main.d" -MT"Core/Src/main.o" --specs=nano.specs -mfpu=fpv5-sp-d16 -mfloat-abi=hard -mthumb -o "Core/Src/main.o"
../Core/Src/main.c: In function 'HAL_GPIO_EXTI_Rising_Callback':
../Core/Src/main.c:580:27: warning: implicit declaration of function 'printf' [-Wimplicit-function-declaration]
  580 |                           printf("El estado actual es S0\r\n");
      |                           ^~~~~~
../Core/Src/main.c:21:1: note: include '<stdio.h>' or provide a declaration of 'printf'
   20 | #include "main.h"
  +++ |+#include <stdio.h>
   21 | 
../Core/Src/main.c:580:27: warning: incompatible implicit declaration of built-in function 'printf' [-Wbuiltin-declaration-mismatch]
  580 |                           printf("El estado actual es S0\r\n");
      |                           ^~~~~~
../Core/Src/main.c:580:27: note: include '<stdio.h>' or provide a declaration of 'printf'
../Core/Src/main.c:587:27: warning: incompatible implicit declaration of built-in function 'printf' [-Wbuiltin-declaration-mismatch]
  587 |                           printf("El estado actual es S1\r\n");
      |                           ^~~~~~
../Core/Src/main.c:587:27: note: include '<stdio.h>' or provide a declaration of 'printf'
../Core/Src/main.c:594:27: warning: incompatible implicit declaration of built-in function 'printf' [-Wbuiltin-declaration-mismatch]
  594 |                           printf("El estado actual es S2\r\n");
      |                           ^~~~~~
../Core/Src/main.c:594:27: note: include '<stdio.h>' or provide a declaration of 'printf'
../Core/Src/main.c:601:27: warning: incompatible implicit declaration of built-in function 'printf' [-Wbuiltin-declaration-mismatch]
  601 |                           printf("El estado actual es S3\r\n");
      |                           ^~~~~~
../Core/Src/main.c:601:27: note: include '<stdio.h>' or provide a declaration of 'printf'
arm-none-eabi-gcc -o "P2.elf" @"objects.list"   -mcpu=cortex-m33 -T"C:\Users\germa\Escritorio\UNIVERSIDAD\PRACTICAS\SAC-WORKSPACE-\P2\STM32L552ZETXQ_FLASH.ld" --specs=nosys.specs -Wl,-Map="P2.map" -Wl,--gc-sections -static --specs=nano.specs -mfpu=fpv5-sp-d16 -mfloat-abi=hard -mthumb -Wl,--start-group -lc -lm -Wl,--end-group
Finished building target: P2.elf
 
arm-none-eabi-size  P2.elf 
arm-none-eabi-objdump -h -S P2.elf  > "P2.list"
   text	   data	    bss	    dec	    hex	filename
  25648	    112	   2960	  28720	   7030	P2.elf
Finished building: default.size.stdout
 
Finished building: P2.list
 
19:52:40 **** Incremental Build of configuration Debug for project P2 ****
make -j8 all 
arm-none-eabi-size  P2.elf 
   text	   data	    bss	    dec	    hex	filename
  25648	    112	   2960	  28720	   7030	P2.elf
Finished building: default.size.stdout
 
19:53:53 **** Incremental Build of configuration Debug for project P2 ****
make -j8 all 
arm-none-eabi-size  P2.elf 
   text	   data	    bss	    dec	    hex	filename
  25648	    112	   2960	  28720	   7030	P2.elf
Finished building: default.size.stdout
 
